****************************************
Report : constraint
	-all_violators
	-path slack_only
Design : caravel
Version: T-2022.03-SP3
Date   : Fri Oct 21 14:56:46 2022
****************************************



   min_delay/hold ('clock' group)

   Endpoint                                                  Slack
   -----------------------------------------------------------------
   soc/core.RAM256/BANK128[0].RAM128.BLOCK[3].RAM32.Do0_REG.OUTREG_BYTE[0].Do_FF[0]/D  -0.0746 (VIOLATED)
   soc/core.RAM256/BANK128[0].RAM128.BLOCK[3].RAM32.Do0_REG.OUTREG_BYTE[0].Do_FF[1]/D  -0.0746 (VIOLATED)
   soc/core.RAM256/BANK128[0].RAM128.BLOCK[3].RAM32.Do0_REG.OUTREG_BYTE[0].Do_FF[2]/D  -0.0746 (VIOLATED)
   soc/core.RAM256/BANK128[0].RAM128.BLOCK[3].RAM32.Do0_REG.OUTREG_BYTE[0].Do_FF[3]/D  -0.0746 (VIOLATED)
   soc/core.RAM256/BANK128[0].RAM128.BLOCK[3].RAM32.Do0_REG.OUTREG_BYTE[0].Do_FF[4]/D  -0.0746 (VIOLATED)
   soc/core.RAM256/BANK128[0].RAM128.BLOCK[3].RAM32.Do0_REG.OUTREG_BYTE[0].Do_FF[5]/D  -0.0746 (VIOLATED)
   soc/core.RAM256/BANK128[0].RAM128.BLOCK[3].RAM32.Do0_REG.OUTREG_BYTE[0].Do_FF[6]/D  -0.0746 (VIOLATED)
   soc/core.RAM256/BANK128[0].RAM128.BLOCK[3].RAM32.Do0_REG.OUTREG_BYTE[0].Do_FF[7]/D  -0.0746 (VIOLATED)
   soc/core.RAM256/BANK128[0].RAM128.BLOCK[3].RAM32.Do0_REG.OUTREG_BYTE[1].Do_FF[0]/D  -0.0746 (VIOLATED)
   soc/core.RAM256/BANK128[0].RAM128.BLOCK[3].RAM32.Do0_REG.OUTREG_BYTE[1].Do_FF[1]/D  -0.0746 (VIOLATED)
   soc/core.RAM256/BANK128[0].RAM128.BLOCK[3].RAM32.Do0_REG.OUTREG_BYTE[1].Do_FF[2]/D  -0.0746 (VIOLATED)
   soc/core.RAM256/BANK128[0].RAM128.BLOCK[3].RAM32.Do0_REG.OUTREG_BYTE[1].Do_FF[3]/D  -0.0746 (VIOLATED)
   soc/core.RAM256/BANK128[0].RAM128.BLOCK[3].RAM32.Do0_REG.OUTREG_BYTE[1].Do_FF[4]/D  -0.0746 (VIOLATED)
   soc/core.RAM256/BANK128[0].RAM128.BLOCK[3].RAM32.Do0_REG.OUTREG_BYTE[1].Do_FF[5]/D  -0.0746 (VIOLATED)
   soc/core.RAM256/BANK128[0].RAM128.BLOCK[3].RAM32.Do0_REG.OUTREG_BYTE[1].Do_FF[6]/D  -0.0746 (VIOLATED)
   soc/core.RAM256/BANK128[0].RAM128.BLOCK[3].RAM32.Do0_REG.OUTREG_BYTE[1].Do_FF[7]/D  -0.0746 (VIOLATED)
   soc/core.RAM256/BANK128[0].RAM128.BLOCK[3].RAM32.Do0_REG.OUTREG_BYTE[2].Do_FF[0]/D  -0.0746 (VIOLATED)
   soc/core.RAM256/BANK128[0].RAM128.BLOCK[3].RAM32.Do0_REG.OUTREG_BYTE[2].Do_FF[1]/D  -0.0746 (VIOLATED)
   soc/core.RAM256/BANK128[0].RAM128.BLOCK[3].RAM32.Do0_REG.OUTREG_BYTE[2].Do_FF[2]/D  -0.0746 (VIOLATED)
   soc/core.RAM256/BANK128[0].RAM128.BLOCK[3].RAM32.Do0_REG.OUTREG_BYTE[2].Do_FF[3]/D  -0.0746 (VIOLATED)
   soc/core.RAM256/BANK128[0].RAM128.BLOCK[3].RAM32.Do0_REG.OUTREG_BYTE[2].Do_FF[4]/D  -0.0746 (VIOLATED)
   soc/core.RAM256/BANK128[0].RAM128.BLOCK[3].RAM32.Do0_REG.OUTREG_BYTE[2].Do_FF[5]/D  -0.0746 (VIOLATED)
   soc/core.RAM256/BANK128[0].RAM128.BLOCK[3].RAM32.Do0_REG.OUTREG_BYTE[2].Do_FF[6]/D  -0.0746 (VIOLATED)
   soc/core.RAM256/BANK128[0].RAM128.BLOCK[3].RAM32.Do0_REG.OUTREG_BYTE[2].Do_FF[7]/D  -0.0746 (VIOLATED)
   soc/core.RAM256/BANK128[0].RAM128.BLOCK[3].RAM32.Do0_REG.OUTREG_BYTE[3].Do_FF[0]/D  -0.0746 (VIOLATED)
   soc/core.RAM256/BANK128[0].RAM128.BLOCK[3].RAM32.Do0_REG.OUTREG_BYTE[3].Do_FF[1]/D  -0.0746 (VIOLATED)
   soc/core.RAM256/BANK128[0].RAM128.BLOCK[3].RAM32.Do0_REG.OUTREG_BYTE[3].Do_FF[2]/D  -0.0746 (VIOLATED)
   soc/core.RAM256/BANK128[0].RAM128.BLOCK[3].RAM32.Do0_REG.OUTREG_BYTE[3].Do_FF[3]/D  -0.0746 (VIOLATED)
   soc/core.RAM256/BANK128[0].RAM128.BLOCK[3].RAM32.Do0_REG.OUTREG_BYTE[3].Do_FF[4]/D  -0.0746 (VIOLATED)
   soc/core.RAM256/BANK128[0].RAM128.BLOCK[3].RAM32.Do0_REG.OUTREG_BYTE[3].Do_FF[5]/D  -0.0746 (VIOLATED)
   soc/core.RAM256/BANK128[0].RAM128.BLOCK[3].RAM32.Do0_REG.OUTREG_BYTE[3].Do_FF[6]/D  -0.0746 (VIOLATED)
   soc/core.RAM256/BANK128[0].RAM128.BLOCK[3].RAM32.Do0_REG.OUTREG_BYTE[3].Do_FF[7]/D  -0.0746 (VIOLATED)
   soc/core.RAM256/BANK128[1].RAM128.BLOCK[3].RAM32.Do0_REG.OUTREG_BYTE[0].Do_FF[0]/D  -0.0746 (VIOLATED)
   soc/core.RAM256/BANK128[1].RAM128.BLOCK[3].RAM32.Do0_REG.OUTREG_BYTE[0].Do_FF[1]/D  -0.0746 (VIOLATED)
   soc/core.RAM256/BANK128[1].RAM128.BLOCK[3].RAM32.Do0_REG.OUTREG_BYTE[0].Do_FF[2]/D  -0.0746 (VIOLATED)
   soc/core.RAM256/BANK128[1].RAM128.BLOCK[3].RAM32.Do0_REG.OUTREG_BYTE[0].Do_FF[3]/D  -0.0746 (VIOLATED)
   soc/core.RAM256/BANK128[1].RAM128.BLOCK[3].RAM32.Do0_REG.OUTREG_BYTE[0].Do_FF[4]/D  -0.0746 (VIOLATED)
   soc/core.RAM256/BANK128[1].RAM128.BLOCK[3].RAM32.Do0_REG.OUTREG_BYTE[0].Do_FF[5]/D  -0.0746 (VIOLATED)
   soc/core.RAM256/BANK128[1].RAM128.BLOCK[3].RAM32.Do0_REG.OUTREG_BYTE[0].Do_FF[6]/D  -0.0746 (VIOLATED)
   soc/core.RAM256/BANK128[1].RAM128.BLOCK[3].RAM32.Do0_REG.OUTREG_BYTE[0].Do_FF[7]/D  -0.0746 (VIOLATED)
   soc/core.RAM256/BANK128[1].RAM128.BLOCK[3].RAM32.Do0_REG.OUTREG_BYTE[1].Do_FF[0]/D  -0.0746 (VIOLATED)
   soc/core.RAM256/BANK128[1].RAM128.BLOCK[3].RAM32.Do0_REG.OUTREG_BYTE[1].Do_FF[1]/D  -0.0746 (VIOLATED)
   soc/core.RAM256/BANK128[1].RAM128.BLOCK[3].RAM32.Do0_REG.OUTREG_BYTE[1].Do_FF[2]/D  -0.0746 (VIOLATED)
   soc/core.RAM256/BANK128[1].RAM128.BLOCK[3].RAM32.Do0_REG.OUTREG_BYTE[1].Do_FF[3]/D  -0.0746 (VIOLATED)
   soc/core.RAM256/BANK128[1].RAM128.BLOCK[3].RAM32.Do0_REG.OUTREG_BYTE[1].Do_FF[4]/D  -0.0746 (VIOLATED)
   soc/core.RAM256/BANK128[1].RAM128.BLOCK[3].RAM32.Do0_REG.OUTREG_BYTE[1].Do_FF[5]/D  -0.0746 (VIOLATED)
   soc/core.RAM256/BANK128[1].RAM128.BLOCK[3].RAM32.Do0_REG.OUTREG_BYTE[1].Do_FF[6]/D  -0.0746 (VIOLATED)
   soc/core.RAM256/BANK128[1].RAM128.BLOCK[3].RAM32.Do0_REG.OUTREG_BYTE[1].Do_FF[7]/D  -0.0746 (VIOLATED)
   soc/core.RAM256/BANK128[1].RAM128.BLOCK[3].RAM32.Do0_REG.OUTREG_BYTE[2].Do_FF[0]/D  -0.0746 (VIOLATED)
   soc/core.RAM256/BANK128[1].RAM128.BLOCK[3].RAM32.Do0_REG.OUTREG_BYTE[2].Do_FF[1]/D  -0.0746 (VIOLATED)
   soc/core.RAM256/BANK128[1].RAM128.BLOCK[3].RAM32.Do0_REG.OUTREG_BYTE[2].Do_FF[2]/D  -0.0746 (VIOLATED)
   soc/core.RAM256/BANK128[1].RAM128.BLOCK[3].RAM32.Do0_REG.OUTREG_BYTE[2].Do_FF[3]/D  -0.0746 (VIOLATED)
   soc/core.RAM256/BANK128[1].RAM128.BLOCK[3].RAM32.Do0_REG.OUTREG_BYTE[2].Do_FF[4]/D  -0.0746 (VIOLATED)
   soc/core.RAM256/BANK128[1].RAM128.BLOCK[3].RAM32.Do0_REG.OUTREG_BYTE[2].Do_FF[5]/D  -0.0746 (VIOLATED)
   soc/core.RAM256/BANK128[1].RAM128.BLOCK[3].RAM32.Do0_REG.OUTREG_BYTE[2].Do_FF[6]/D  -0.0746 (VIOLATED)
   soc/core.RAM256/BANK128[1].RAM128.BLOCK[3].RAM32.Do0_REG.OUTREG_BYTE[2].Do_FF[7]/D  -0.0746 (VIOLATED)
   soc/core.RAM256/BANK128[1].RAM128.BLOCK[3].RAM32.Do0_REG.OUTREG_BYTE[3].Do_FF[0]/D  -0.0746 (VIOLATED)
   soc/core.RAM256/BANK128[1].RAM128.BLOCK[3].RAM32.Do0_REG.OUTREG_BYTE[3].Do_FF[1]/D  -0.0746 (VIOLATED)
   soc/core.RAM256/BANK128[1].RAM128.BLOCK[3].RAM32.Do0_REG.OUTREG_BYTE[3].Do_FF[2]/D  -0.0746 (VIOLATED)
   soc/core.RAM256/BANK128[1].RAM128.BLOCK[3].RAM32.Do0_REG.OUTREG_BYTE[3].Do_FF[3]/D  -0.0746 (VIOLATED)
   soc/core.RAM256/BANK128[1].RAM128.BLOCK[3].RAM32.Do0_REG.OUTREG_BYTE[3].Do_FF[4]/D  -0.0746 (VIOLATED)
   soc/core.RAM256/BANK128[1].RAM128.BLOCK[3].RAM32.Do0_REG.OUTREG_BYTE[3].Do_FF[5]/D  -0.0746 (VIOLATED)
   soc/core.RAM256/BANK128[1].RAM128.BLOCK[3].RAM32.Do0_REG.OUTREG_BYTE[3].Do_FF[6]/D  -0.0746 (VIOLATED)
   soc/core.RAM256/BANK128[1].RAM128.BLOCK[3].RAM32.Do0_REG.OUTREG_BYTE[3].Do_FF[7]/D  -0.0746 (VIOLATED)
   soc/core.RAM256/BANK128[0].RAM128.BLOCK[1].RAM32.Do0_REG.OUTREG_BYTE[0].Do_FF[0]/D  -0.0724 (VIOLATED)
   soc/core.RAM256/BANK128[0].RAM128.BLOCK[1].RAM32.Do0_REG.OUTREG_BYTE[0].Do_FF[1]/D  -0.0724 (VIOLATED)
   soc/core.RAM256/BANK128[0].RAM128.BLOCK[1].RAM32.Do0_REG.OUTREG_BYTE[0].Do_FF[2]/D  -0.0724 (VIOLATED)
   soc/core.RAM256/BANK128[0].RAM128.BLOCK[1].RAM32.Do0_REG.OUTREG_BYTE[0].Do_FF[3]/D  -0.0724 (VIOLATED)
   soc/core.RAM256/BANK128[0].RAM128.BLOCK[1].RAM32.Do0_REG.OUTREG_BYTE[0].Do_FF[4]/D  -0.0724 (VIOLATED)
   soc/core.RAM256/BANK128[0].RAM128.BLOCK[1].RAM32.Do0_REG.OUTREG_BYTE[0].Do_FF[5]/D  -0.0724 (VIOLATED)
   soc/core.RAM256/BANK128[0].RAM128.BLOCK[1].RAM32.Do0_REG.OUTREG_BYTE[0].Do_FF[6]/D  -0.0724 (VIOLATED)
   soc/core.RAM256/BANK128[0].RAM128.BLOCK[1].RAM32.Do0_REG.OUTREG_BYTE[0].Do_FF[7]/D  -0.0724 (VIOLATED)
   soc/core.RAM256/BANK128[0].RAM128.BLOCK[1].RAM32.Do0_REG.OUTREG_BYTE[1].Do_FF[0]/D  -0.0724 (VIOLATED)
   soc/core.RAM256/BANK128[0].RAM128.BLOCK[1].RAM32.Do0_REG.OUTREG_BYTE[1].Do_FF[1]/D  -0.0724 (VIOLATED)
   soc/core.RAM256/BANK128[0].RAM128.BLOCK[1].RAM32.Do0_REG.OUTREG_BYTE[1].Do_FF[2]/D  -0.0724 (VIOLATED)
   soc/core.RAM256/BANK128[0].RAM128.BLOCK[1].RAM32.Do0_REG.OUTREG_BYTE[1].Do_FF[3]/D  -0.0724 (VIOLATED)
   soc/core.RAM256/BANK128[0].RAM128.BLOCK[1].RAM32.Do0_REG.OUTREG_BYTE[1].Do_FF[4]/D  -0.0724 (VIOLATED)
   soc/core.RAM256/BANK128[0].RAM128.BLOCK[1].RAM32.Do0_REG.OUTREG_BYTE[1].Do_FF[5]/D  -0.0724 (VIOLATED)
   soc/core.RAM256/BANK128[0].RAM128.BLOCK[1].RAM32.Do0_REG.OUTREG_BYTE[1].Do_FF[6]/D  -0.0724 (VIOLATED)
   soc/core.RAM256/BANK128[0].RAM128.BLOCK[1].RAM32.Do0_REG.OUTREG_BYTE[1].Do_FF[7]/D  -0.0724 (VIOLATED)
   soc/core.RAM256/BANK128[0].RAM128.BLOCK[1].RAM32.Do0_REG.OUTREG_BYTE[2].Do_FF[0]/D  -0.0724 (VIOLATED)
   soc/core.RAM256/BANK128[0].RAM128.BLOCK[1].RAM32.Do0_REG.OUTREG_BYTE[2].Do_FF[1]/D  -0.0724 (VIOLATED)
   soc/core.RAM256/BANK128[0].RAM128.BLOCK[1].RAM32.Do0_REG.OUTREG_BYTE[2].Do_FF[2]/D  -0.0724 (VIOLATED)
   soc/core.RAM256/BANK128[0].RAM128.BLOCK[1].RAM32.Do0_REG.OUTREG_BYTE[2].Do_FF[3]/D  -0.0724 (VIOLATED)
   soc/core.RAM256/BANK128[0].RAM128.BLOCK[1].RAM32.Do0_REG.OUTREG_BYTE[2].Do_FF[4]/D  -0.0724 (VIOLATED)
   soc/core.RAM256/BANK128[0].RAM128.BLOCK[1].RAM32.Do0_REG.OUTREG_BYTE[2].Do_FF[5]/D  -0.0724 (VIOLATED)
   soc/core.RAM256/BANK128[0].RAM128.BLOCK[1].RAM32.Do0_REG.OUTREG_BYTE[2].Do_FF[6]/D  -0.0724 (VIOLATED)
   soc/core.RAM256/BANK128[0].RAM128.BLOCK[1].RAM32.Do0_REG.OUTREG_BYTE[2].Do_FF[7]/D  -0.0724 (VIOLATED)
   soc/core.RAM256/BANK128[0].RAM128.BLOCK[1].RAM32.Do0_REG.OUTREG_BYTE[3].Do_FF[0]/D  -0.0724 (VIOLATED)
   soc/core.RAM256/BANK128[0].RAM128.BLOCK[1].RAM32.Do0_REG.OUTREG_BYTE[3].Do_FF[1]/D  -0.0724 (VIOLATED)
   soc/core.RAM256/BANK128[0].RAM128.BLOCK[1].RAM32.Do0_REG.OUTREG_BYTE[3].Do_FF[2]/D  -0.0724 (VIOLATED)
   soc/core.RAM256/BANK128[0].RAM128.BLOCK[1].RAM32.Do0_REG.OUTREG_BYTE[3].Do_FF[3]/D  -0.0724 (VIOLATED)
   soc/core.RAM256/BANK128[0].RAM128.BLOCK[1].RAM32.Do0_REG.OUTREG_BYTE[3].Do_FF[4]/D  -0.0724 (VIOLATED)
   soc/core.RAM256/BANK128[0].RAM128.BLOCK[1].RAM32.Do0_REG.OUTREG_BYTE[3].Do_FF[5]/D  -0.0724 (VIOLATED)
   soc/core.RAM256/BANK128[0].RAM128.BLOCK[1].RAM32.Do0_REG.OUTREG_BYTE[3].Do_FF[6]/D  -0.0724 (VIOLATED)
   soc/core.RAM256/BANK128[0].RAM128.BLOCK[1].RAM32.Do0_REG.OUTREG_BYTE[3].Do_FF[7]/D  -0.0724 (VIOLATED)
   soc/core.RAM256/BANK128[1].RAM128.BLOCK[1].RAM32.Do0_REG.OUTREG_BYTE[0].Do_FF[0]/D  -0.0724 (VIOLATED)
   soc/core.RAM256/BANK128[1].RAM128.BLOCK[1].RAM32.Do0_REG.OUTREG_BYTE[0].Do_FF[1]/D  -0.0724 (VIOLATED)
   soc/core.RAM256/BANK128[1].RAM128.BLOCK[1].RAM32.Do0_REG.OUTREG_BYTE[0].Do_FF[2]/D  -0.0724 (VIOLATED)
   soc/core.RAM256/BANK128[1].RAM128.BLOCK[1].RAM32.Do0_REG.OUTREG_BYTE[0].Do_FF[3]/D  -0.0724 (VIOLATED)
   soc/core.RAM256/BANK128[1].RAM128.BLOCK[1].RAM32.Do0_REG.OUTREG_BYTE[0].Do_FF[4]/D  -0.0724 (VIOLATED)
   soc/core.RAM256/BANK128[1].RAM128.BLOCK[1].RAM32.Do0_REG.OUTREG_BYTE[0].Do_FF[5]/D  -0.0724 (VIOLATED)
   soc/core.RAM256/BANK128[1].RAM128.BLOCK[1].RAM32.Do0_REG.OUTREG_BYTE[0].Do_FF[6]/D  -0.0724 (VIOLATED)
   soc/core.RAM256/BANK128[1].RAM128.BLOCK[1].RAM32.Do0_REG.OUTREG_BYTE[0].Do_FF[7]/D  -0.0724 (VIOLATED)
   soc/core.RAM256/BANK128[1].RAM128.BLOCK[1].RAM32.Do0_REG.OUTREG_BYTE[1].Do_FF[0]/D  -0.0724 (VIOLATED)
   soc/core.RAM256/BANK128[1].RAM128.BLOCK[1].RAM32.Do0_REG.OUTREG_BYTE[1].Do_FF[1]/D  -0.0724 (VIOLATED)
   soc/core.RAM256/BANK128[1].RAM128.BLOCK[1].RAM32.Do0_REG.OUTREG_BYTE[1].Do_FF[2]/D  -0.0724 (VIOLATED)
   soc/core.RAM256/BANK128[1].RAM128.BLOCK[1].RAM32.Do0_REG.OUTREG_BYTE[1].Do_FF[3]/D  -0.0724 (VIOLATED)
   soc/core.RAM256/BANK128[1].RAM128.BLOCK[1].RAM32.Do0_REG.OUTREG_BYTE[1].Do_FF[4]/D  -0.0724 (VIOLATED)
   soc/core.RAM256/BANK128[1].RAM128.BLOCK[1].RAM32.Do0_REG.OUTREG_BYTE[1].Do_FF[5]/D  -0.0724 (VIOLATED)
   soc/core.RAM256/BANK128[1].RAM128.BLOCK[1].RAM32.Do0_REG.OUTREG_BYTE[1].Do_FF[6]/D  -0.0724 (VIOLATED)
   soc/core.RAM256/BANK128[1].RAM128.BLOCK[1].RAM32.Do0_REG.OUTREG_BYTE[1].Do_FF[7]/D  -0.0724 (VIOLATED)
   soc/core.RAM256/BANK128[1].RAM128.BLOCK[1].RAM32.Do0_REG.OUTREG_BYTE[2].Do_FF[0]/D  -0.0724 (VIOLATED)
   soc/core.RAM256/BANK128[1].RAM128.BLOCK[1].RAM32.Do0_REG.OUTREG_BYTE[2].Do_FF[1]/D  -0.0724 (VIOLATED)
   soc/core.RAM256/BANK128[1].RAM128.BLOCK[1].RAM32.Do0_REG.OUTREG_BYTE[2].Do_FF[2]/D  -0.0724 (VIOLATED)
   soc/core.RAM256/BANK128[1].RAM128.BLOCK[1].RAM32.Do0_REG.OUTREG_BYTE[2].Do_FF[3]/D  -0.0724 (VIOLATED)
   soc/core.RAM256/BANK128[1].RAM128.BLOCK[1].RAM32.Do0_REG.OUTREG_BYTE[2].Do_FF[4]/D  -0.0724 (VIOLATED)
   soc/core.RAM256/BANK128[1].RAM128.BLOCK[1].RAM32.Do0_REG.OUTREG_BYTE[2].Do_FF[5]/D  -0.0724 (VIOLATED)
   soc/core.RAM256/BANK128[1].RAM128.BLOCK[1].RAM32.Do0_REG.OUTREG_BYTE[2].Do_FF[6]/D  -0.0724 (VIOLATED)
   soc/core.RAM256/BANK128[1].RAM128.BLOCK[1].RAM32.Do0_REG.OUTREG_BYTE[2].Do_FF[7]/D  -0.0724 (VIOLATED)
   soc/core.RAM256/BANK128[1].RAM128.BLOCK[1].RAM32.Do0_REG.OUTREG_BYTE[3].Do_FF[0]/D  -0.0724 (VIOLATED)
   soc/core.RAM256/BANK128[1].RAM128.BLOCK[1].RAM32.Do0_REG.OUTREG_BYTE[3].Do_FF[1]/D  -0.0724 (VIOLATED)
   soc/core.RAM256/BANK128[1].RAM128.BLOCK[1].RAM32.Do0_REG.OUTREG_BYTE[3].Do_FF[2]/D  -0.0724 (VIOLATED)
   soc/core.RAM256/BANK128[1].RAM128.BLOCK[1].RAM32.Do0_REG.OUTREG_BYTE[3].Do_FF[3]/D  -0.0724 (VIOLATED)
   soc/core.RAM256/BANK128[1].RAM128.BLOCK[1].RAM32.Do0_REG.OUTREG_BYTE[3].Do_FF[4]/D  -0.0724 (VIOLATED)
   soc/core.RAM256/BANK128[1].RAM128.BLOCK[1].RAM32.Do0_REG.OUTREG_BYTE[3].Do_FF[5]/D  -0.0724 (VIOLATED)
   soc/core.RAM256/BANK128[1].RAM128.BLOCK[1].RAM32.Do0_REG.OUTREG_BYTE[3].Do_FF[6]/D  -0.0724 (VIOLATED)
   soc/core.RAM256/BANK128[1].RAM128.BLOCK[1].RAM32.Do0_REG.OUTREG_BYTE[3].Do_FF[7]/D  -0.0724 (VIOLATED)
   soc/core.RAM256/BANK128[0].RAM128.BLOCK[2].RAM32.Do0_REG.OUTREG_BYTE[0].Do_FF[0]/D  -0.0589 (VIOLATED)
   soc/core.RAM256/BANK128[0].RAM128.BLOCK[2].RAM32.Do0_REG.OUTREG_BYTE[0].Do_FF[1]/D  -0.0589 (VIOLATED)
   soc/core.RAM256/BANK128[0].RAM128.BLOCK[2].RAM32.Do0_REG.OUTREG_BYTE[0].Do_FF[2]/D  -0.0589 (VIOLATED)
   soc/core.RAM256/BANK128[0].RAM128.BLOCK[2].RAM32.Do0_REG.OUTREG_BYTE[0].Do_FF[3]/D  -0.0589 (VIOLATED)
   soc/core.RAM256/BANK128[0].RAM128.BLOCK[2].RAM32.Do0_REG.OUTREG_BYTE[0].Do_FF[4]/D  -0.0589 (VIOLATED)
   soc/core.RAM256/BANK128[0].RAM128.BLOCK[2].RAM32.Do0_REG.OUTREG_BYTE[0].Do_FF[5]/D  -0.0589 (VIOLATED)
   soc/core.RAM256/BANK128[0].RAM128.BLOCK[2].RAM32.Do0_REG.OUTREG_BYTE[0].Do_FF[6]/D  -0.0589 (VIOLATED)
   soc/core.RAM256/BANK128[0].RAM128.BLOCK[2].RAM32.Do0_REG.OUTREG_BYTE[0].Do_FF[7]/D  -0.0589 (VIOLATED)
   soc/core.RAM256/BANK128[0].RAM128.BLOCK[2].RAM32.Do0_REG.OUTREG_BYTE[1].Do_FF[0]/D  -0.0589 (VIOLATED)
   soc/core.RAM256/BANK128[0].RAM128.BLOCK[2].RAM32.Do0_REG.OUTREG_BYTE[1].Do_FF[1]/D  -0.0589 (VIOLATED)
   soc/core.RAM256/BANK128[0].RAM128.BLOCK[2].RAM32.Do0_REG.OUTREG_BYTE[1].Do_FF[2]/D  -0.0589 (VIOLATED)
   soc/core.RAM256/BANK128[0].RAM128.BLOCK[2].RAM32.Do0_REG.OUTREG_BYTE[1].Do_FF[3]/D  -0.0589 (VIOLATED)
   soc/core.RAM256/BANK128[0].RAM128.BLOCK[2].RAM32.Do0_REG.OUTREG_BYTE[1].Do_FF[4]/D  -0.0589 (VIOLATED)
   soc/core.RAM256/BANK128[0].RAM128.BLOCK[2].RAM32.Do0_REG.OUTREG_BYTE[1].Do_FF[5]/D  -0.0589 (VIOLATED)
   soc/core.RAM256/BANK128[0].RAM128.BLOCK[2].RAM32.Do0_REG.OUTREG_BYTE[1].Do_FF[6]/D  -0.0589 (VIOLATED)
   soc/core.RAM256/BANK128[0].RAM128.BLOCK[2].RAM32.Do0_REG.OUTREG_BYTE[1].Do_FF[7]/D  -0.0589 (VIOLATED)
   soc/core.RAM256/BANK128[0].RAM128.BLOCK[2].RAM32.Do0_REG.OUTREG_BYTE[2].Do_FF[0]/D  -0.0589 (VIOLATED)
   soc/core.RAM256/BANK128[0].RAM128.BLOCK[2].RAM32.Do0_REG.OUTREG_BYTE[2].Do_FF[1]/D  -0.0589 (VIOLATED)
   soc/core.RAM256/BANK128[0].RAM128.BLOCK[2].RAM32.Do0_REG.OUTREG_BYTE[2].Do_FF[2]/D  -0.0589 (VIOLATED)
   soc/core.RAM256/BANK128[0].RAM128.BLOCK[2].RAM32.Do0_REG.OUTREG_BYTE[2].Do_FF[3]/D  -0.0589 (VIOLATED)
   soc/core.RAM256/BANK128[0].RAM128.BLOCK[2].RAM32.Do0_REG.OUTREG_BYTE[2].Do_FF[4]/D  -0.0589 (VIOLATED)
   soc/core.RAM256/BANK128[0].RAM128.BLOCK[2].RAM32.Do0_REG.OUTREG_BYTE[2].Do_FF[5]/D  -0.0589 (VIOLATED)
   soc/core.RAM256/BANK128[0].RAM128.BLOCK[2].RAM32.Do0_REG.OUTREG_BYTE[2].Do_FF[6]/D  -0.0589 (VIOLATED)
   soc/core.RAM256/BANK128[0].RAM128.BLOCK[2].RAM32.Do0_REG.OUTREG_BYTE[2].Do_FF[7]/D  -0.0589 (VIOLATED)
   soc/core.RAM256/BANK128[0].RAM128.BLOCK[2].RAM32.Do0_REG.OUTREG_BYTE[3].Do_FF[0]/D  -0.0589 (VIOLATED)
   soc/core.RAM256/BANK128[0].RAM128.BLOCK[2].RAM32.Do0_REG.OUTREG_BYTE[3].Do_FF[1]/D  -0.0589 (VIOLATED)
   soc/core.RAM256/BANK128[0].RAM128.BLOCK[2].RAM32.Do0_REG.OUTREG_BYTE[3].Do_FF[2]/D  -0.0589 (VIOLATED)
   soc/core.RAM256/BANK128[0].RAM128.BLOCK[2].RAM32.Do0_REG.OUTREG_BYTE[3].Do_FF[3]/D  -0.0589 (VIOLATED)
   soc/core.RAM256/BANK128[0].RAM128.BLOCK[2].RAM32.Do0_REG.OUTREG_BYTE[3].Do_FF[4]/D  -0.0589 (VIOLATED)
   soc/core.RAM256/BANK128[0].RAM128.BLOCK[2].RAM32.Do0_REG.OUTREG_BYTE[3].Do_FF[5]/D  -0.0589 (VIOLATED)
   soc/core.RAM256/BANK128[0].RAM128.BLOCK[2].RAM32.Do0_REG.OUTREG_BYTE[3].Do_FF[6]/D  -0.0589 (VIOLATED)
   soc/core.RAM256/BANK128[0].RAM128.BLOCK[2].RAM32.Do0_REG.OUTREG_BYTE[3].Do_FF[7]/D  -0.0589 (VIOLATED)
   soc/core.RAM256/BANK128[1].RAM128.BLOCK[2].RAM32.Do0_REG.OUTREG_BYTE[0].Do_FF[0]/D  -0.0589 (VIOLATED)
   soc/core.RAM256/BANK128[1].RAM128.BLOCK[2].RAM32.Do0_REG.OUTREG_BYTE[0].Do_FF[1]/D  -0.0589 (VIOLATED)
   soc/core.RAM256/BANK128[1].RAM128.BLOCK[2].RAM32.Do0_REG.OUTREG_BYTE[0].Do_FF[2]/D  -0.0589 (VIOLATED)
   soc/core.RAM256/BANK128[1].RAM128.BLOCK[2].RAM32.Do0_REG.OUTREG_BYTE[0].Do_FF[3]/D  -0.0589 (VIOLATED)
   soc/core.RAM256/BANK128[1].RAM128.BLOCK[2].RAM32.Do0_REG.OUTREG_BYTE[0].Do_FF[4]/D  -0.0589 (VIOLATED)
   soc/core.RAM256/BANK128[1].RAM128.BLOCK[2].RAM32.Do0_REG.OUTREG_BYTE[0].Do_FF[5]/D  -0.0589 (VIOLATED)
   soc/core.RAM256/BANK128[1].RAM128.BLOCK[2].RAM32.Do0_REG.OUTREG_BYTE[0].Do_FF[6]/D  -0.0589 (VIOLATED)
   soc/core.RAM256/BANK128[1].RAM128.BLOCK[2].RAM32.Do0_REG.OUTREG_BYTE[0].Do_FF[7]/D  -0.0589 (VIOLATED)
   soc/core.RAM256/BANK128[1].RAM128.BLOCK[2].RAM32.Do0_REG.OUTREG_BYTE[1].Do_FF[0]/D  -0.0589 (VIOLATED)
   soc/core.RAM256/BANK128[1].RAM128.BLOCK[2].RAM32.Do0_REG.OUTREG_BYTE[1].Do_FF[1]/D  -0.0589 (VIOLATED)
   soc/core.RAM256/BANK128[1].RAM128.BLOCK[2].RAM32.Do0_REG.OUTREG_BYTE[1].Do_FF[2]/D  -0.0589 (VIOLATED)
   soc/core.RAM256/BANK128[1].RAM128.BLOCK[2].RAM32.Do0_REG.OUTREG_BYTE[1].Do_FF[3]/D  -0.0589 (VIOLATED)
   soc/core.RAM256/BANK128[1].RAM128.BLOCK[2].RAM32.Do0_REG.OUTREG_BYTE[1].Do_FF[4]/D  -0.0589 (VIOLATED)
   soc/core.RAM256/BANK128[1].RAM128.BLOCK[2].RAM32.Do0_REG.OUTREG_BYTE[1].Do_FF[5]/D  -0.0589 (VIOLATED)
   soc/core.RAM256/BANK128[1].RAM128.BLOCK[2].RAM32.Do0_REG.OUTREG_BYTE[1].Do_FF[6]/D  -0.0589 (VIOLATED)
   soc/core.RAM256/BANK128[1].RAM128.BLOCK[2].RAM32.Do0_REG.OUTREG_BYTE[1].Do_FF[7]/D  -0.0589 (VIOLATED)
   soc/core.RAM256/BANK128[1].RAM128.BLOCK[2].RAM32.Do0_REG.OUTREG_BYTE[2].Do_FF[0]/D  -0.0589 (VIOLATED)
   soc/core.RAM256/BANK128[1].RAM128.BLOCK[2].RAM32.Do0_REG.OUTREG_BYTE[2].Do_FF[1]/D  -0.0589 (VIOLATED)
   soc/core.RAM256/BANK128[1].RAM128.BLOCK[2].RAM32.Do0_REG.OUTREG_BYTE[2].Do_FF[2]/D  -0.0589 (VIOLATED)
   soc/core.RAM256/BANK128[1].RAM128.BLOCK[2].RAM32.Do0_REG.OUTREG_BYTE[2].Do_FF[3]/D  -0.0589 (VIOLATED)
   soc/core.RAM256/BANK128[1].RAM128.BLOCK[2].RAM32.Do0_REG.OUTREG_BYTE[2].Do_FF[4]/D  -0.0589 (VIOLATED)
   soc/core.RAM256/BANK128[1].RAM128.BLOCK[2].RAM32.Do0_REG.OUTREG_BYTE[2].Do_FF[5]/D  -0.0589 (VIOLATED)
   soc/core.RAM256/BANK128[1].RAM128.BLOCK[2].RAM32.Do0_REG.OUTREG_BYTE[2].Do_FF[6]/D  -0.0589 (VIOLATED)
   soc/core.RAM256/BANK128[1].RAM128.BLOCK[2].RAM32.Do0_REG.OUTREG_BYTE[2].Do_FF[7]/D  -0.0589 (VIOLATED)
   soc/core.RAM256/BANK128[1].RAM128.BLOCK[2].RAM32.Do0_REG.OUTREG_BYTE[3].Do_FF[0]/D  -0.0589 (VIOLATED)
   soc/core.RAM256/BANK128[1].RAM128.BLOCK[2].RAM32.Do0_REG.OUTREG_BYTE[3].Do_FF[1]/D  -0.0589 (VIOLATED)
   soc/core.RAM256/BANK128[1].RAM128.BLOCK[2].RAM32.Do0_REG.OUTREG_BYTE[3].Do_FF[2]/D  -0.0589 (VIOLATED)
   soc/core.RAM256/BANK128[1].RAM128.BLOCK[2].RAM32.Do0_REG.OUTREG_BYTE[3].Do_FF[3]/D  -0.0589 (VIOLATED)
   soc/core.RAM256/BANK128[1].RAM128.BLOCK[2].RAM32.Do0_REG.OUTREG_BYTE[3].Do_FF[4]/D  -0.0589 (VIOLATED)
   soc/core.RAM256/BANK128[1].RAM128.BLOCK[2].RAM32.Do0_REG.OUTREG_BYTE[3].Do_FF[5]/D  -0.0589 (VIOLATED)
   soc/core.RAM256/BANK128[1].RAM128.BLOCK[2].RAM32.Do0_REG.OUTREG_BYTE[3].Do_FF[6]/D  -0.0589 (VIOLATED)
   soc/core.RAM256/BANK128[1].RAM128.BLOCK[2].RAM32.Do0_REG.OUTREG_BYTE[3].Do_FF[7]/D  -0.0589 (VIOLATED)
   soc/core.RAM256/BANK128[0].RAM128.BLOCK[0].RAM32.Do0_REG.OUTREG_BYTE[0].Do_FF[0]/D  -0.0156 (VIOLATED)
   soc/core.RAM256/BANK128[0].RAM128.BLOCK[0].RAM32.Do0_REG.OUTREG_BYTE[0].Do_FF[1]/D  -0.0156 (VIOLATED)
   soc/core.RAM256/BANK128[0].RAM128.BLOCK[0].RAM32.Do0_REG.OUTREG_BYTE[0].Do_FF[2]/D  -0.0156 (VIOLATED)
   soc/core.RAM256/BANK128[0].RAM128.BLOCK[0].RAM32.Do0_REG.OUTREG_BYTE[0].Do_FF[3]/D  -0.0156 (VIOLATED)
   soc/core.RAM256/BANK128[0].RAM128.BLOCK[0].RAM32.Do0_REG.OUTREG_BYTE[0].Do_FF[4]/D  -0.0156 (VIOLATED)
   soc/core.RAM256/BANK128[0].RAM128.BLOCK[0].RAM32.Do0_REG.OUTREG_BYTE[0].Do_FF[5]/D  -0.0156 (VIOLATED)
   soc/core.RAM256/BANK128[0].RAM128.BLOCK[0].RAM32.Do0_REG.OUTREG_BYTE[0].Do_FF[6]/D  -0.0156 (VIOLATED)
   soc/core.RAM256/BANK128[0].RAM128.BLOCK[0].RAM32.Do0_REG.OUTREG_BYTE[0].Do_FF[7]/D  -0.0156 (VIOLATED)
   soc/core.RAM256/BANK128[0].RAM128.BLOCK[0].RAM32.Do0_REG.OUTREG_BYTE[1].Do_FF[0]/D  -0.0156 (VIOLATED)
   soc/core.RAM256/BANK128[0].RAM128.BLOCK[0].RAM32.Do0_REG.OUTREG_BYTE[1].Do_FF[1]/D  -0.0156 (VIOLATED)
   soc/core.RAM256/BANK128[0].RAM128.BLOCK[0].RAM32.Do0_REG.OUTREG_BYTE[1].Do_FF[2]/D  -0.0156 (VIOLATED)
   soc/core.RAM256/BANK128[0].RAM128.BLOCK[0].RAM32.Do0_REG.OUTREG_BYTE[1].Do_FF[3]/D  -0.0156 (VIOLATED)
   soc/core.RAM256/BANK128[0].RAM128.BLOCK[0].RAM32.Do0_REG.OUTREG_BYTE[1].Do_FF[4]/D  -0.0156 (VIOLATED)
   soc/core.RAM256/BANK128[0].RAM128.BLOCK[0].RAM32.Do0_REG.OUTREG_BYTE[1].Do_FF[5]/D  -0.0156 (VIOLATED)
   soc/core.RAM256/BANK128[0].RAM128.BLOCK[0].RAM32.Do0_REG.OUTREG_BYTE[1].Do_FF[6]/D  -0.0156 (VIOLATED)
   soc/core.RAM256/BANK128[0].RAM128.BLOCK[0].RAM32.Do0_REG.OUTREG_BYTE[1].Do_FF[7]/D  -0.0156 (VIOLATED)
   soc/core.RAM256/BANK128[0].RAM128.BLOCK[0].RAM32.Do0_REG.OUTREG_BYTE[2].Do_FF[0]/D  -0.0156 (VIOLATED)
   soc/core.RAM256/BANK128[0].RAM128.BLOCK[0].RAM32.Do0_REG.OUTREG_BYTE[2].Do_FF[1]/D  -0.0156 (VIOLATED)
   soc/core.RAM256/BANK128[0].RAM128.BLOCK[0].RAM32.Do0_REG.OUTREG_BYTE[2].Do_FF[2]/D  -0.0156 (VIOLATED)
   soc/core.RAM256/BANK128[0].RAM128.BLOCK[0].RAM32.Do0_REG.OUTREG_BYTE[2].Do_FF[3]/D  -0.0156 (VIOLATED)
   soc/core.RAM256/BANK128[0].RAM128.BLOCK[0].RAM32.Do0_REG.OUTREG_BYTE[2].Do_FF[4]/D  -0.0156 (VIOLATED)
   soc/core.RAM256/BANK128[0].RAM128.BLOCK[0].RAM32.Do0_REG.OUTREG_BYTE[2].Do_FF[5]/D  -0.0156 (VIOLATED)
   soc/core.RAM256/BANK128[0].RAM128.BLOCK[0].RAM32.Do0_REG.OUTREG_BYTE[2].Do_FF[6]/D  -0.0156 (VIOLATED)
   soc/core.RAM256/BANK128[0].RAM128.BLOCK[0].RAM32.Do0_REG.OUTREG_BYTE[2].Do_FF[7]/D  -0.0156 (VIOLATED)
   soc/core.RAM256/BANK128[0].RAM128.BLOCK[0].RAM32.Do0_REG.OUTREG_BYTE[3].Do_FF[0]/D  -0.0156 (VIOLATED)
   soc/core.RAM256/BANK128[0].RAM128.BLOCK[0].RAM32.Do0_REG.OUTREG_BYTE[3].Do_FF[1]/D  -0.0156 (VIOLATED)
   soc/core.RAM256/BANK128[0].RAM128.BLOCK[0].RAM32.Do0_REG.OUTREG_BYTE[3].Do_FF[2]/D  -0.0156 (VIOLATED)
   soc/core.RAM256/BANK128[0].RAM128.BLOCK[0].RAM32.Do0_REG.OUTREG_BYTE[3].Do_FF[3]/D  -0.0156 (VIOLATED)
   soc/core.RAM256/BANK128[0].RAM128.BLOCK[0].RAM32.Do0_REG.OUTREG_BYTE[3].Do_FF[4]/D  -0.0156 (VIOLATED)
   soc/core.RAM256/BANK128[0].RAM128.BLOCK[0].RAM32.Do0_REG.OUTREG_BYTE[3].Do_FF[5]/D  -0.0156 (VIOLATED)
   soc/core.RAM256/BANK128[0].RAM128.BLOCK[0].RAM32.Do0_REG.OUTREG_BYTE[3].Do_FF[6]/D  -0.0156 (VIOLATED)
   soc/core.RAM256/BANK128[0].RAM128.BLOCK[0].RAM32.Do0_REG.OUTREG_BYTE[3].Do_FF[7]/D  -0.0156 (VIOLATED)
   soc/core.RAM256/BANK128[1].RAM128.BLOCK[0].RAM32.Do0_REG.OUTREG_BYTE[0].Do_FF[0]/D  -0.0156 (VIOLATED)
   soc/core.RAM256/BANK128[1].RAM128.BLOCK[0].RAM32.Do0_REG.OUTREG_BYTE[0].Do_FF[1]/D  -0.0156 (VIOLATED)
   soc/core.RAM256/BANK128[1].RAM128.BLOCK[0].RAM32.Do0_REG.OUTREG_BYTE[0].Do_FF[2]/D  -0.0156 (VIOLATED)
   soc/core.RAM256/BANK128[1].RAM128.BLOCK[0].RAM32.Do0_REG.OUTREG_BYTE[0].Do_FF[3]/D  -0.0156 (VIOLATED)
   soc/core.RAM256/BANK128[1].RAM128.BLOCK[0].RAM32.Do0_REG.OUTREG_BYTE[0].Do_FF[4]/D  -0.0156 (VIOLATED)
   soc/core.RAM256/BANK128[1].RAM128.BLOCK[0].RAM32.Do0_REG.OUTREG_BYTE[0].Do_FF[5]/D  -0.0156 (VIOLATED)
   soc/core.RAM256/BANK128[1].RAM128.BLOCK[0].RAM32.Do0_REG.OUTREG_BYTE[0].Do_FF[6]/D  -0.0156 (VIOLATED)
   soc/core.RAM256/BANK128[1].RAM128.BLOCK[0].RAM32.Do0_REG.OUTREG_BYTE[0].Do_FF[7]/D  -0.0156 (VIOLATED)
   soc/core.RAM256/BANK128[1].RAM128.BLOCK[0].RAM32.Do0_REG.OUTREG_BYTE[1].Do_FF[0]/D  -0.0156 (VIOLATED)
   soc/core.RAM256/BANK128[1].RAM128.BLOCK[0].RAM32.Do0_REG.OUTREG_BYTE[1].Do_FF[1]/D  -0.0156 (VIOLATED)
   soc/core.RAM256/BANK128[1].RAM128.BLOCK[0].RAM32.Do0_REG.OUTREG_BYTE[1].Do_FF[2]/D  -0.0156 (VIOLATED)
   soc/core.RAM256/BANK128[1].RAM128.BLOCK[0].RAM32.Do0_REG.OUTREG_BYTE[1].Do_FF[3]/D  -0.0156 (VIOLATED)
   soc/core.RAM256/BANK128[1].RAM128.BLOCK[0].RAM32.Do0_REG.OUTREG_BYTE[1].Do_FF[4]/D  -0.0156 (VIOLATED)
   soc/core.RAM256/BANK128[1].RAM128.BLOCK[0].RAM32.Do0_REG.OUTREG_BYTE[1].Do_FF[5]/D  -0.0156 (VIOLATED)
   soc/core.RAM256/BANK128[1].RAM128.BLOCK[0].RAM32.Do0_REG.OUTREG_BYTE[1].Do_FF[6]/D  -0.0156 (VIOLATED)
   soc/core.RAM256/BANK128[1].RAM128.BLOCK[0].RAM32.Do0_REG.OUTREG_BYTE[1].Do_FF[7]/D  -0.0156 (VIOLATED)
   soc/core.RAM256/BANK128[1].RAM128.BLOCK[0].RAM32.Do0_REG.OUTREG_BYTE[2].Do_FF[0]/D  -0.0156 (VIOLATED)
   soc/core.RAM256/BANK128[1].RAM128.BLOCK[0].RAM32.Do0_REG.OUTREG_BYTE[2].Do_FF[1]/D  -0.0156 (VIOLATED)
   soc/core.RAM256/BANK128[1].RAM128.BLOCK[0].RAM32.Do0_REG.OUTREG_BYTE[2].Do_FF[2]/D  -0.0156 (VIOLATED)
   soc/core.RAM256/BANK128[1].RAM128.BLOCK[0].RAM32.Do0_REG.OUTREG_BYTE[2].Do_FF[3]/D  -0.0156 (VIOLATED)
   soc/core.RAM256/BANK128[1].RAM128.BLOCK[0].RAM32.Do0_REG.OUTREG_BYTE[2].Do_FF[4]/D  -0.0156 (VIOLATED)
   soc/core.RAM256/BANK128[1].RAM128.BLOCK[0].RAM32.Do0_REG.OUTREG_BYTE[2].Do_FF[5]/D  -0.0156 (VIOLATED)
   soc/core.RAM256/BANK128[1].RAM128.BLOCK[0].RAM32.Do0_REG.OUTREG_BYTE[2].Do_FF[6]/D  -0.0156 (VIOLATED)
   soc/core.RAM256/BANK128[1].RAM128.BLOCK[0].RAM32.Do0_REG.OUTREG_BYTE[2].Do_FF[7]/D  -0.0156 (VIOLATED)
   soc/core.RAM256/BANK128[1].RAM128.BLOCK[0].RAM32.Do0_REG.OUTREG_BYTE[3].Do_FF[0]/D  -0.0156 (VIOLATED)
   soc/core.RAM256/BANK128[1].RAM128.BLOCK[0].RAM32.Do0_REG.OUTREG_BYTE[3].Do_FF[1]/D  -0.0156 (VIOLATED)
   soc/core.RAM256/BANK128[1].RAM128.BLOCK[0].RAM32.Do0_REG.OUTREG_BYTE[3].Do_FF[2]/D  -0.0156 (VIOLATED)
   soc/core.RAM256/BANK128[1].RAM128.BLOCK[0].RAM32.Do0_REG.OUTREG_BYTE[3].Do_FF[3]/D  -0.0156 (VIOLATED)
   soc/core.RAM256/BANK128[1].RAM128.BLOCK[0].RAM32.Do0_REG.OUTREG_BYTE[3].Do_FF[4]/D  -0.0156 (VIOLATED)
   soc/core.RAM256/BANK128[1].RAM128.BLOCK[0].RAM32.Do0_REG.OUTREG_BYTE[3].Do_FF[5]/D  -0.0156 (VIOLATED)
   soc/core.RAM256/BANK128[1].RAM128.BLOCK[0].RAM32.Do0_REG.OUTREG_BYTE[3].Do_FF[6]/D  -0.0156 (VIOLATED)
   soc/core.RAM256/BANK128[1].RAM128.BLOCK[0].RAM32.Do0_REG.OUTREG_BYTE[3].Do_FF[7]/D  -0.0156 (VIOLATED)


   recovery

   Endpoint                                                  Slack
   -----------------------------------------------------------------
   mprj/mprj/usr_rst_synca_inst/reset_hold_reg_0_/RESET_B  -0.5158  (VIOLATED)
   mprj/mprj/usr_rst_synca_inst/reset_hold_reg_1_/RESET_B  -0.5158  (VIOLATED)





   max_capacitance

                             Required        Actual
   Pin                      Capacitance    Capacitance       Slack
   -----------------------------------------------------------------
   mprj/mprj/FE_OFC1440_wbs_dat_o_3/X   0.1300   0.5355    -0.4055  (VIOLATED)
   mprj/mprj/FE_OFC1438_wbs_dat_o_5/X   0.1300   0.5262    -0.3962  (VIOLATED)
   mprj/mprj/FE_OFC1442_wbs_dat_o_1/X   0.1300   0.5200    -0.3900  (VIOLATED)
   mprj/mprj/FE_OFC1441_wbs_dat_o_2/X   0.1300   0.4896    -0.3596  (VIOLATED)
   mprj/mprj/FE_OFC1439_wbs_dat_o_4/X   0.1300   0.4715    -0.3414  (VIOLATED)
   mprj/mprj/wbsctrl_inst/wbs_dat_o_q_reg_8_/Q   0.3223   0.5760  -0.2537 (VIOLATED)
   mprj/mprj/wbsctrl_inst/wbs_dat_o_q_reg_7_/Q   0.3223   0.5730  -0.2507 (VIOLATED)
   mprj/mprj/wbsctrl_inst/wbs_ack_o_q_reg/Q   0.3223   0.5705  -0.2482 (VIOLATED)
   mprj/mprj/wbsctrl_inst/wbs_dat_o_q_reg_9_/Q   0.3223   0.5485  -0.2262 (VIOLATED)
   mprj/mprj/wbsctrl_inst/wbs_dat_o_q_reg_6_/Q   0.3223   0.5464  -0.2241 (VIOLATED)
   mprj/mprj/FE_OFC1443_wbs_dat_o_0/X   0.3159   0.5250    -0.2091  (VIOLATED)
   mprj/mprj/wbsctrl_inst/wbs_dat_o_q_reg_13_/Q   0.3223   0.5283  -0.2061 (VIOLATED)
   mprj/mprj/wbsctrl_inst/wbs_dat_o_q_reg_16_/Q   0.3223   0.5257  -0.2034 (VIOLATED)
   mprj/mprj/wbsctrl_inst/wbs_dat_o_q_reg_12_/Q   0.3223   0.5195  -0.1972 (VIOLATED)
   mprj/mprj/wbsctrl_inst/wbs_dat_o_q_reg_15_/Q   0.3223   0.5193  -0.1970 (VIOLATED)
   mprj/mprj/wbsctrl_inst/wbs_dat_o_q_reg_11_/Q   0.3223   0.5179  -0.1956 (VIOLATED)
   mprj/mprj/wbsctrl_inst/wbs_dat_o_q_reg_10_/Q   0.3223   0.5149  -0.1927 (VIOLATED)
   mprj/mprj/wbsctrl_inst/wbs_dat_o_q_reg_17_/Q   0.3223   0.5118  -0.1896 (VIOLATED)
   mprj/mprj/wbsctrl_inst/wbs_dat_o_q_reg_14_/Q   0.3223   0.4987  -0.1765 (VIOLATED)
   mprj/mprj/wbsctrl_inst/wbs_dat_o_q_reg_18_/Q   0.3223   0.4932  -0.1709 (VIOLATED)
   mprj/mprj/wbsctrl_inst/wbs_dat_o_q_reg_20_/Q   0.3223   0.4654  -0.1432 (VIOLATED)
   mprj/mprj/FE_OFC7036_io_oeb_0/X   0.3159   0.4556       -0.1397  (VIOLATED)
   mprj/mprj/wbsctrl_inst/wbs_dat_o_q_reg_27_/Q   0.3223   0.4525  -0.1302 (VIOLATED)
   mprj/mprj/wbsctrl_inst/wbs_dat_o_q_reg_21_/Q   0.3223   0.4480  -0.1257 (VIOLATED)
   mprj/mprj/FE_OFC7035_io_oeb_0/X   0.3159   0.4311       -0.1153  (VIOLATED)
   mprj/mprj/wbsctrl_inst/wbs_dat_o_q_reg_23_/Q   0.3223   0.4285  -0.1062 (VIOLATED)
   mprj/mprj/wbsctrl_inst/wbs_dat_o_q_reg_22_/Q   0.3223   0.4265  -0.1042 (VIOLATED)
   mprj/mprj/wbsctrl_inst/wbs_dat_o_q_reg_25_/Q   0.3223   0.4171  -0.0948 (VIOLATED)
   mprj/mprj/wbsctrl_inst/wbs_dat_o_q_reg_19_/Q   0.3223   0.4133  -0.0910 (VIOLATED)
   mprj/mprj/wbsctrl_inst/wbs_dat_o_q_reg_31_/Q   0.3223   0.4099  -0.0876 (VIOLATED)
   mprj/mprj/wbsctrl_inst/wbs_dat_o_q_reg_26_/Q   0.3223   0.4054  -0.0831 (VIOLATED)
   mprj/mprj/wbsctrl_inst/wbs_dat_o_q_reg_29_/Q   0.3223   0.4053  -0.0831 (VIOLATED)
   mprj/mprj/FE_OFC7033_io_oeb_0/Y   0.3314   0.4093       -0.0778  (VIOLATED)
   mprj/mprj/wbsctrl_inst/wbs_dat_o_q_reg_30_/Q   0.3223   0.3911  -0.0688 (VIOLATED)
   mprj/mprj/FE_OFC20909_la_data_out_48/X   0.1300   0.1976  -0.0676 (VIOLATED)
   mprj/mprj/FE_OFC20833_la_data_out_45/X   0.1300   0.1970  -0.0670 (VIOLATED)
   mprj/mprj/FE_OFC20869_la_data_out_42/X   0.1300   0.1881  -0.0581 (VIOLATED)
   mprj/mprj/FE_OFC21184_n/X   0.1300        0.1857        -0.0557  (VIOLATED)
   mprj/mprj/wbsctrl_inst/wbs_dat_o_q_reg_24_/Q   0.3223   0.3770  -0.0548 (VIOLATED)
   mprj/mprj/FE_OFC12775_io_in_11/X   0.1300   0.1830      -0.0530  (VIOLATED)
   mprj/mprj/wbsctrl_inst/wbs_dat_o_q_reg_28_/Q   0.3223   0.3694  -0.0471 (VIOLATED)
   mprj/mprj/FE_OCPC22845_la_data_out_53/X   0.1300   0.1761  -0.0461 (VIOLATED)
   soc/_32090_/Q              0.1621         0.1979        -0.0359  (VIOLATED)
   mprj/mprj/FE_OFC7037_io_oeb_0/X   0.3159   0.3478       -0.0319  (VIOLATED)
   mprj/mprj/FE_OCPC5635_la_data_out_57/X   0.1300   0.1617  -0.0317 (VIOLATED)
   mprj/mprj/FE_OFC464_io_oeb_0/X   0.3159   0.3386        -0.0227  (VIOLATED)
   soc/hold575/X              0.1547         0.1667        -0.0120  (VIOLATED)
   mprj/mprj/FE_OFC22409_io_oeb_5/X   0.1300   0.1369      -0.0068  (VIOLATED)
   mprj/mprj/FE_OFC7407_io_oeb_14/X   0.1300   0.1346      -0.0045  (VIOLATED)
   mprj/mprj/FE_PDC199_io_out_27/X   0.1300   0.1339       -0.0039  (VIOLATED)
   soc/core.RAM128/Do0MUX.M[0].MUX[7]/X   0.1611   0.1630  -0.0019  (VIOLATED)


   max_transition

                             Required        Actual
   Pin                      Transition     Transition        Slack
   -----------------------------------------------------------------
   mgmt_buffers/ANTENNA_113/DIODE   1.5000   6.6376        -5.1376  (VIOLATED)
   mgmt_buffers/ANTENNA_114/DIODE   1.5000   6.6376        -5.1376  (VIOLATED)
   mgmt_buffers/ANTENNA_111/DIODE   1.5000   6.6376        -5.1376  (VIOLATED)
   mgmt_buffers/ANTENNA_109/DIODE   1.5000   6.6376        -5.1376  (VIOLATED)
   mgmt_buffers/ANTENNA_107/DIODE   1.5000   6.6376        -5.1376  (VIOLATED)
   mgmt_buffers/ANTENNA_105/DIODE   1.5000   6.6376        -5.1376  (VIOLATED)
   mgmt_buffers/ANTENNA_user_wb_dat_gates[3]_A/DIODE   1.5000   6.6375  -5.1375 (VIOLATED)
   mgmt_buffers/user_wb_dat_gates[3]/A   1.5000   6.6375   -5.1375  (VIOLATED)
   mgmt_buffers/ANTENNA_104/DIODE   1.5000   6.6375        -5.1375  (VIOLATED)
   mgmt_buffers/ANTENNA_106/DIODE   1.5000   6.6375        -5.1375  (VIOLATED)
   mgmt_buffers/ANTENNA_108/DIODE   1.5000   6.6375        -5.1375  (VIOLATED)
   mgmt_buffers/ANTENNA_110/DIODE   1.5000   6.6375        -5.1375  (VIOLATED)
   mgmt_buffers/ANTENNA_112/DIODE   1.5000   6.6375        -5.1375  (VIOLATED)
   mgmt_buffers/ANTENNA_118/DIODE   1.5000   6.6375        -5.1375  (VIOLATED)
   mgmt_buffers/ANTENNA_121/DIODE   1.5000   6.6375        -5.1375  (VIOLATED)
   mgmt_buffers/ANTENNA_116/DIODE   1.5000   6.6375        -5.1375  (VIOLATED)
   mgmt_buffers/ANTENNA_117/DIODE   1.5000   6.6375        -5.1375  (VIOLATED)
   mgmt_buffers/ANTENNA_119/DIODE   1.5000   6.6375        -5.1375  (VIOLATED)
   mgmt_buffers/ANTENNA_115/DIODE   1.5000   6.6375        -5.1375  (VIOLATED)
   mgmt_buffers/ANTENNA_120/DIODE   1.5000   6.6375        -5.1375  (VIOLATED)
   mprj/mprj/FE_OFC1440_wbs_dat_o_3/X   1.5065   6.5689    -5.0624  (VIOLATED)
   mgmt_buffers/ANTENNA_user_wb_dat_gates[5]_A/DIODE   1.5000   6.4944  -4.9944 (VIOLATED)
   mgmt_buffers/ANTENNA_123/DIODE   1.5000   6.4944        -4.9944  (VIOLATED)
   mgmt_buffers/ANTENNA_122/DIODE   1.5000   6.4944        -4.9944  (VIOLATED)
   mgmt_buffers/user_wb_dat_gates[5]/A   1.5000   6.4943   -4.9943  (VIOLATED)
   mgmt_buffers/ANTENNA_68/DIODE   1.5000    6.4693        -4.9693  (VIOLATED)
   mgmt_buffers/user_wb_dat_gates[1]/A   1.5000   6.4693   -4.9693  (VIOLATED)
   mgmt_buffers/ANTENNA_user_wb_dat_gates[1]_A/DIODE   1.5000   6.4692  -4.9692 (VIOLATED)
   mgmt_buffers/ANTENNA_69/DIODE   1.5000    6.4692        -4.9692  (VIOLATED)
   mgmt_buffers/ANTENNA_70/DIODE   1.5000    6.4692        -4.9692  (VIOLATED)
   mgmt_buffers/ANTENNA_71/DIODE   1.5000    6.4692        -4.9692  (VIOLATED)
   mgmt_buffers/ANTENNA_79/DIODE   1.5000    6.4692        -4.9692  (VIOLATED)
   mgmt_buffers/ANTENNA_86/DIODE   1.5000    6.4691        -4.9691  (VIOLATED)
   mgmt_buffers/ANTENNA_73/DIODE   1.5000    6.4691        -4.9691  (VIOLATED)
   mgmt_buffers/ANTENNA_72/DIODE   1.5000    6.4691        -4.9691  (VIOLATED)
   mgmt_buffers/ANTENNA_75/DIODE   1.5000    6.4691        -4.9691  (VIOLATED)
   mgmt_buffers/ANTENNA_74/DIODE   1.5000    6.4691        -4.9691  (VIOLATED)
   mgmt_buffers/ANTENNA_76/DIODE   1.5000    6.4691        -4.9691  (VIOLATED)
   mgmt_buffers/ANTENNA_77/DIODE   1.5000    6.4691        -4.9691  (VIOLATED)
   mgmt_buffers/ANTENNA_80/DIODE   1.5000    6.4691        -4.9691  (VIOLATED)
   mgmt_buffers/ANTENNA_87/DIODE   1.5000    6.4691        -4.9691  (VIOLATED)
   mgmt_buffers/ANTENNA_81/DIODE   1.5000    6.4691        -4.9691  (VIOLATED)
   mgmt_buffers/ANTENNA_88/DIODE   1.5000    6.4691        -4.9691  (VIOLATED)
   mgmt_buffers/ANTENNA_83/DIODE   1.5000    6.4691        -4.9691  (VIOLATED)
   mgmt_buffers/ANTENNA_84/DIODE   1.5000    6.4691        -4.9691  (VIOLATED)
   mgmt_buffers/ANTENNA_89/DIODE   1.5000    6.4691        -4.9691  (VIOLATED)
   mgmt_buffers/ANTENNA_85/DIODE   1.5000    6.4691        -4.9691  (VIOLATED)
   mgmt_buffers/ANTENNA_78/DIODE   1.5000    6.4691        -4.9691  (VIOLATED)
   mgmt_buffers/ANTENNA_82/DIODE   1.5000    6.4691        -4.9691  (VIOLATED)
   mprj/mprj/FE_OFC1438_wbs_dat_o_5/X   1.5065   6.4362    -4.9297  (VIOLATED)
   mprj/mprj/FE_OFC1442_wbs_dat_o_1/X   1.5065   6.3977    -4.8912  (VIOLATED)
   mgmt_buffers/ANTENNA_user_wb_dat_gates[2]_A/DIODE   1.5000   6.0555  -4.5555 (VIOLATED)
   mgmt_buffers/user_wb_dat_gates[2]/A   1.5000   6.0555   -4.5555  (VIOLATED)
   mprj/mprj/FE_OFC1441_wbs_dat_o_2/X   1.5065   6.0002    -4.4937  (VIOLATED)
   mgmt_buffers/ANTENNA_user_wb_dat_gates[4]_A/DIODE   1.5000   5.8432  -4.3432 (VIOLATED)
   mgmt_buffers/user_wb_dat_gates[4]/A   1.5000   5.8432   -4.3432  (VIOLATED)
   mprj/mprj/FE_OFC1439_wbs_dat_o_4/X   1.5065   5.7799    -4.2734  (VIOLATED)
   mgmt_buffers/ANTENNA_11/DIODE   1.5000    3.3417        -1.8417  (VIOLATED)
   mgmt_buffers/ANTENNA_10/DIODE   1.5000    3.3417        -1.8417  (VIOLATED)
   mgmt_buffers/ANTENNA_8/DIODE   1.5000     3.3417        -1.8417  (VIOLATED)
   mgmt_buffers/ANTENNA_6/DIODE   1.5000     3.3417        -1.8417  (VIOLATED)
   mgmt_buffers/ANTENNA_4/DIODE   1.5000     3.3417        -1.8417  (VIOLATED)
   mgmt_buffers/user_wb_ack_gate/A   1.5000   3.3417       -1.8417  (VIOLATED)
   mgmt_buffers/ANTENNA_user_wb_ack_gate_A/DIODE   1.5000   3.3417  -1.8417 (VIOLATED)
   mgmt_buffers/ANTENNA_5/DIODE   1.5000     3.3417        -1.8417  (VIOLATED)
   mgmt_buffers/ANTENNA_7/DIODE   1.5000     3.3417        -1.8417  (VIOLATED)
   mgmt_buffers/ANTENNA_9/DIODE   1.5000     3.3417        -1.8417  (VIOLATED)
   mgmt_buffers/ANTENNA_13/DIODE   1.5000    3.3417        -1.8417  (VIOLATED)
   mgmt_buffers/ANTENNA_12/DIODE   1.5000    3.3417        -1.8417  (VIOLATED)
   mgmt_buffers/ANTENNA_15/DIODE   1.5000    3.3417        -1.8417  (VIOLATED)
   mgmt_buffers/ANTENNA_14/DIODE   1.5000    3.3417        -1.8417  (VIOLATED)
   mgmt_buffers/ANTENNA_25/DIODE   1.5000    3.3417        -1.8417  (VIOLATED)
   mgmt_buffers/ANTENNA_16/DIODE   1.5000    3.3417        -1.8417  (VIOLATED)
   mgmt_buffers/ANTENNA_22/DIODE   1.5000    3.3417        -1.8417  (VIOLATED)
   mgmt_buffers/ANTENNA_17/DIODE   1.5000    3.3417        -1.8417  (VIOLATED)
   mgmt_buffers/ANTENNA_20/DIODE   1.5000    3.3417        -1.8417  (VIOLATED)
   mgmt_buffers/ANTENNA_18/DIODE   1.5000    3.3417        -1.8417  (VIOLATED)
   mgmt_buffers/ANTENNA_19/DIODE   1.5000    3.3417        -1.8417  (VIOLATED)
   mgmt_buffers/ANTENNA_21/DIODE   1.5000    3.3417        -1.8417  (VIOLATED)
   mgmt_buffers/ANTENNA_23/DIODE   1.5000    3.3417        -1.8417  (VIOLATED)
   mgmt_buffers/ANTENNA_24/DIODE   1.5000    3.3417        -1.8417  (VIOLATED)
   mgmt_buffers/ANTENNA_user_wb_dat_gates[7]_A/DIODE   1.5000   3.2427  -1.7427 (VIOLATED)
   mgmt_buffers/user_wb_dat_gates[7]/A   1.5000   3.2427   -1.7427  (VIOLATED)
   mgmt_buffers/user_wb_dat_gates[6]/A   1.5000   3.1175   -1.6175  (VIOLATED)
   mgmt_buffers/ANTENNA_user_wb_dat_gates[6]_A/DIODE   1.5000   3.1175  -1.6175 (VIOLATED)
   mgmt_buffers/ANTENNA_user_wb_dat_gates[8]_A/DIODE   1.5000   3.0017  -1.5017 (VIOLATED)
   mgmt_buffers/user_wb_dat_gates[8]/A   1.5000   3.0017   -1.5017  (VIOLATED)
   mgmt_buffers/ANTENNA_56/DIODE   1.5000    2.9433        -1.4433  (VIOLATED)
   mgmt_buffers/ANTENNA_57/DIODE   1.5000    2.9433        -1.4433  (VIOLATED)
   mgmt_buffers/ANTENNA_58/DIODE   1.5000    2.9433        -1.4433  (VIOLATED)
   mgmt_buffers/ANTENNA_59/DIODE   1.5000    2.9433        -1.4433  (VIOLATED)
   mgmt_buffers/ANTENNA_60/DIODE   1.5000    2.9433        -1.4433  (VIOLATED)
   mgmt_buffers/ANTENNA_61/DIODE   1.5000    2.9433        -1.4433  (VIOLATED)
   mgmt_buffers/ANTENNA_62/DIODE   1.5000    2.9433        -1.4433  (VIOLATED)
   mgmt_buffers/ANTENNA_63/DIODE   1.5000    2.9433        -1.4433  (VIOLATED)
   mgmt_buffers/ANTENNA_user_wb_dat_gates[13]_A/DIODE   1.5000   2.9433  -1.4433 (VIOLATED)
   mgmt_buffers/user_wb_dat_gates[13]/A   1.5000   2.9432  -1.4432  (VIOLATED)
   mgmt_buffers/ANTENNA_52/DIODE   1.5000    2.9349        -1.4349  (VIOLATED)
   mgmt_buffers/ANTENNA_53/DIODE   1.5000    2.9349        -1.4349  (VIOLATED)
   mgmt_buffers/ANTENNA_54/DIODE   1.5000    2.9349        -1.4349  (VIOLATED)
   mgmt_buffers/ANTENNA_55/DIODE   1.5000    2.9349        -1.4349  (VIOLATED)
   mgmt_buffers/ANTENNA_user_wb_dat_gates[12]_A/DIODE   1.5000   2.9349  -1.4349 (VIOLATED)
   mgmt_buffers/ANTENNA_48/DIODE   1.5000    2.9349        -1.4349  (VIOLATED)
   mgmt_buffers/ANTENNA_49/DIODE   1.5000    2.9349        -1.4349  (VIOLATED)
   mgmt_buffers/ANTENNA_50/DIODE   1.5000    2.9349        -1.4349  (VIOLATED)
   mgmt_buffers/ANTENNA_51/DIODE   1.5000    2.9349        -1.4349  (VIOLATED)
   mgmt_buffers/user_wb_dat_gates[12]/A   1.5000   2.9349  -1.4349  (VIOLATED)
   mgmt_buffers/user_wb_dat_gates[15]/A   1.5000   2.9284  -1.4284  (VIOLATED)
   mgmt_buffers/ANTENNA_user_wb_dat_gates[15]_A/DIODE   1.5000   2.9284  -1.4284 (VIOLATED)
   mgmt_buffers/user_wb_dat_gates[11]/A   1.5000   2.9127  -1.4127  (VIOLATED)
   mgmt_buffers/ANTENNA_user_wb_dat_gates[11]_A/DIODE   1.5000   2.9127  -1.4127 (VIOLATED)
   mgmt_buffers/ANTENNA_32/DIODE   1.5000    2.8987        -1.3987  (VIOLATED)
   mgmt_buffers/ANTENNA_30/DIODE   1.5000    2.8987        -1.3987  (VIOLATED)
   mgmt_buffers/ANTENNA_29/DIODE   1.5000    2.8986        -1.3986  (VIOLATED)
   mgmt_buffers/ANTENNA_27/DIODE   1.5000    2.8986        -1.3986  (VIOLATED)
   mgmt_buffers/ANTENNA_26/DIODE   1.5000    2.8986        -1.3986  (VIOLATED)
   mgmt_buffers/ANTENNA_user_wb_dat_gates[0]_A/DIODE   1.5000   2.8986  -1.3986 (VIOLATED)
   mgmt_buffers/user_wb_dat_gates[0]/A   1.5000   2.8986   -1.3986  (VIOLATED)
   mgmt_buffers/ANTENNA_28/DIODE   1.5000    2.8986        -1.3986  (VIOLATED)
   mgmt_buffers/ANTENNA_31/DIODE   1.5000    2.8986        -1.3986  (VIOLATED)
   mgmt_buffers/ANTENNA_33/DIODE   1.5000    2.8986        -1.3986  (VIOLATED)
   mgmt_buffers/ANTENNA_35/DIODE   1.5000    2.8986        -1.3986  (VIOLATED)
   mgmt_buffers/ANTENNA_46/DIODE   1.5000    2.8986        -1.3986  (VIOLATED)
   mgmt_buffers/ANTENNA_34/DIODE   1.5000    2.8986        -1.3986  (VIOLATED)
   mgmt_buffers/ANTENNA_37/DIODE   1.5000    2.8986        -1.3986  (VIOLATED)
   mgmt_buffers/ANTENNA_36/DIODE   1.5000    2.8986        -1.3986  (VIOLATED)
   mgmt_buffers/ANTENNA_39/DIODE   1.5000    2.8986        -1.3986  (VIOLATED)
   mgmt_buffers/ANTENNA_38/DIODE   1.5000    2.8986        -1.3986  (VIOLATED)
   mgmt_buffers/ANTENNA_40/DIODE   1.5000    2.8986        -1.3986  (VIOLATED)
   mgmt_buffers/ANTENNA_41/DIODE   1.5000    2.8986        -1.3986  (VIOLATED)
   mgmt_buffers/ANTENNA_44/DIODE   1.5000    2.8986        -1.3986  (VIOLATED)
   mgmt_buffers/ANTENNA_47/DIODE   1.5000    2.8986        -1.3986  (VIOLATED)
   mgmt_buffers/ANTENNA_42/DIODE   1.5000    2.8986        -1.3986  (VIOLATED)
   mgmt_buffers/ANTENNA_43/DIODE   1.5000    2.8986        -1.3986  (VIOLATED)
   mgmt_buffers/ANTENNA_45/DIODE   1.5000    2.8986        -1.3986  (VIOLATED)
   mgmt_buffers/user_wb_dat_gates[16]/A   1.5000   2.8955  -1.3955  (VIOLATED)
   mgmt_buffers/ANTENNA_user_wb_dat_gates[16]_A/DIODE   1.5000   2.8955  -1.3955 (VIOLATED)
   mgmt_buffers/ANTENNA_user_wb_dat_gates[9]_A/DIODE   1.5000   2.8904  -1.3904 (VIOLATED)
   mgmt_buffers/user_wb_dat_gates[9]/A   1.5000   2.8904   -1.3904  (VIOLATED)
   mprj/mprj/wbsctrl_inst/wbs_dat_o_q_reg_7_/Q   1.5043   2.8869  -1.3826 (VIOLATED)
   mprj/mprj/wbsctrl_inst/wbs_dat_o_q_reg_8_/Q   1.5043   2.8513  -1.3470 (VIOLATED)
   mprj/mprj/wbsctrl_inst/wbs_ack_o_q_reg/Q   1.5043   2.8513  -1.3469 (VIOLATED)
   mgmt_buffers/user_wb_dat_gates[10]/A   1.5000   2.8127  -1.3127  (VIOLATED)
   mgmt_buffers/ANTENNA_user_wb_dat_gates[10]_A/DIODE   1.5000   2.8127  -1.3127 (VIOLATED)
   mgmt_buffers/user_wb_dat_gates[18]/A   1.5000   2.7759  -1.2759  (VIOLATED)
   mgmt_buffers/ANTENNA_user_wb_dat_gates[18]_A/DIODE   1.5000   2.7759  -1.2759 (VIOLATED)
   mgmt_buffers/ANTENNA_64/DIODE   1.5000    2.7276        -1.2276  (VIOLATED)
   mgmt_buffers/ANTENNA_65/DIODE   1.5000    2.7276        -1.2276  (VIOLATED)
   mgmt_buffers/ANTENNA_66/DIODE   1.5000    2.7276        -1.2276  (VIOLATED)
   mgmt_buffers/ANTENNA_67/DIODE   1.5000    2.7276        -1.2276  (VIOLATED)
   mgmt_buffers/ANTENNA_user_wb_dat_gates[14]_A/DIODE   1.5000   2.7276  -1.2276 (VIOLATED)
   mgmt_buffers/user_wb_dat_gates[14]/A   1.5000   2.7276  -1.2276  (VIOLATED)
   mprj/mprj/wbsctrl_inst/wbs_dat_o_q_reg_6_/Q   1.5043   2.7211  -1.2168 (VIOLATED)
   mprj/mprj/wbsctrl_inst/wbs_dat_o_q_reg_9_/Q   1.5043   2.7095  -1.2052 (VIOLATED)
   mgmt_buffers/ANTENNA_user_wb_dat_gates[17]_A/DIODE   1.5000   2.7015  -1.2015 (VIOLATED)
   mgmt_buffers/user_wb_dat_gates[17]/A   1.5000   2.7014  -1.2014  (VIOLATED)
   mprj/mprj/FE_OFC1443_wbs_dat_o_0/X   1.5104   2.6763    -1.1659  (VIOLATED)
   mprj/mprj/wbsctrl_inst/wbs_dat_o_q_reg_13_/Q   1.5043   2.6462  -1.1419 (VIOLATED)
   mprj/mprj/wbsctrl_inst/wbs_dat_o_q_reg_12_/Q   1.5043   2.6128  -1.1085 (VIOLATED)
   mprj/mprj/wbsctrl_inst/wbs_dat_o_q_reg_16_/Q   1.5043   2.6054  -1.1011 (VIOLATED)
   mprj/mprj/wbsctrl_inst/wbs_dat_o_q_reg_15_/Q   1.5043   2.5965  -1.0922 (VIOLATED)
   mprj/mprj/wbsctrl_inst/wbs_dat_o_q_reg_11_/Q   1.5043   2.5850  -1.0806 (VIOLATED)
   mprj/mprj/wbsctrl_inst/wbs_dat_o_q_reg_17_/Q   1.5043   2.5541  -1.0498 (VIOLATED)
   mprj/mprj/wbsctrl_inst/wbs_dat_o_q_reg_10_/Q   1.5043   2.5343  -1.0299 (VIOLATED)
   mgmt_buffers/ANTENNA_91/DIODE   1.5000    2.5043        -1.0043  (VIOLATED)
   mgmt_buffers/ANTENNA_user_wb_dat_gates[20]_A/DIODE   1.5000   2.5043  -1.0043 (VIOLATED)
   mgmt_buffers/ANTENNA_90/DIODE   1.5000    2.5043        -1.0043  (VIOLATED)
   mgmt_buffers/user_wb_dat_gates[20]/A   1.5000   2.5043  -1.0043  (VIOLATED)
   mprj/mprj/wbsctrl_inst/wbs_dat_o_q_reg_14_/Q   1.5043   2.4778  -0.9734 (VIOLATED)
   mprj/mprj/wbsctrl_inst/wbs_dat_o_q_reg_18_/Q   1.5043   2.4625  -0.9582 (VIOLATED)
   mgmt_buffers/ANTENNA_93/DIODE   1.5000    2.3925        -0.8925  (VIOLATED)
   mgmt_buffers/ANTENNA_95/DIODE   1.5000    2.3925        -0.8925  (VIOLATED)
   mgmt_buffers/ANTENNA_97/DIODE   1.5000    2.3925        -0.8925  (VIOLATED)
   mgmt_buffers/ANTENNA_100/DIODE   1.5000   2.3925        -0.8925  (VIOLATED)
   mgmt_buffers/ANTENNA_102/DIODE   1.5000   2.3925        -0.8925  (VIOLATED)
   mgmt_buffers/ANTENNA_92/DIODE   1.5000    2.3925        -0.8925  (VIOLATED)
   mgmt_buffers/ANTENNA_94/DIODE   1.5000    2.3925        -0.8925  (VIOLATED)
   mgmt_buffers/ANTENNA_96/DIODE   1.5000    2.3925        -0.8925  (VIOLATED)
   mgmt_buffers/ANTENNA_98/DIODE   1.5000    2.3925        -0.8925  (VIOLATED)
   mgmt_buffers/ANTENNA_99/DIODE   1.5000    2.3925        -0.8925  (VIOLATED)
   mgmt_buffers/ANTENNA_101/DIODE   1.5000   2.3925        -0.8925  (VIOLATED)
   mgmt_buffers/ANTENNA_103/DIODE   1.5000   2.3925        -0.8925  (VIOLATED)
   mgmt_buffers/ANTENNA_user_wb_dat_gates[27]_A/DIODE   1.5000   2.3925  -0.8925 (VIOLATED)
   mgmt_buffers/user_wb_dat_gates[27]/A   1.5000   2.3925  -0.8925  (VIOLATED)
   mgmt_buffers/user_wb_dat_gates[21]/A   1.5000   2.3880  -0.8880  (VIOLATED)
   mgmt_buffers/ANTENNA_user_wb_dat_gates[21]_A/DIODE   1.5000   2.3880  -0.8880 (VIOLATED)
   mgmt_buffers/ANTENNA_user_to_mprj_in_gates[45]_A/DIODE   1.5000   2.3623  -0.8623 (VIOLATED)
   mgmt_buffers/user_to_mprj_in_gates[45]/A   1.5000   2.3623  -0.8623 (VIOLATED)
   mgmt_buffers/ANTENNA_user_to_mprj_in_gates[48]_A/DIODE   1.5000   2.3532  -0.8532 (VIOLATED)
   mgmt_buffers/user_to_mprj_in_gates[48]/A   1.5000   2.3532  -0.8532 (VIOLATED)
   mprj/mprj/FE_OFC20833_la_data_out_45/X   1.5061   2.3531  -0.8470 (VIOLATED)
   mprj/mprj/FE_OFC20909_la_data_out_48/X   1.5065   2.3457  -0.8392 (VIOLATED)
   mprj/mprj/wbsctrl_inst/wbs_dat_o_q_reg_20_/Q   1.5043   2.3171  -0.8127 (VIOLATED)
   mgmt_buffers/ANTENNA_user_wb_dat_gates[25]_A/DIODE   1.5000   2.2653  -0.7653 (VIOLATED)
   mgmt_buffers/user_wb_dat_gates[25]/A   1.5000   2.2653  -0.7653  (VIOLATED)
   mgmt_buffers/ANTENNA_user_wb_dat_gates[23]_A/DIODE   1.5000   2.2528  -0.7528 (VIOLATED)
   mgmt_buffers/user_wb_dat_gates[23]/A   1.5000   2.2528  -0.7528  (VIOLATED)
   mgmt_buffers/ANTENNA_user_wb_dat_gates[22]_A/DIODE   1.5000   2.2518  -0.7518 (VIOLATED)
   mgmt_buffers/user_wb_dat_gates[22]/A   1.5000   2.2518  -0.7518  (VIOLATED)
   mprj/mprj/wbsctrl_inst/wbs_dat_o_q_reg_27_/Q   1.5043   2.2491  -0.7448 (VIOLATED)
   mgmt_buffers/ANTENNA_user_to_mprj_in_gates[42]_A/DIODE   1.5000   2.2422  -0.7422 (VIOLATED)
   mgmt_buffers/user_to_mprj_in_gates[42]/A   1.5000   2.2422  -0.7422 (VIOLATED)
   gpio_control_in_1a[1]/_061_/A0   1.5000   2.2309        -0.7309  (VIOLATED)
   gpio_control_in_1a[1]/ANTENNA__061__A0/DIODE   1.5000   2.2308  -0.7308 (VIOLATED)
   gpio_control_in_1a[2]/_061_/A0   1.5000   2.2306        -0.7306  (VIOLATED)
   gpio_control_in_1a[2]/ANTENNA__061__A0/DIODE   1.5000   2.2306  -0.7306 (VIOLATED)
   mprj/mprj/FE_OFC7037_io_oeb_0/A   1.5000   2.2292       -0.7292  (VIOLATED)
   mprj/mprj/FE_OFC20869_la_data_out_42/X   1.5065   2.2350  -0.7286 (VIOLATED)
   gpio_control_in_1a[0]/_061_/A0   1.5000   2.2277        -0.7277  (VIOLATED)
   gpio_control_in_1a[0]/ANTENNA__061__A0/DIODE   1.5000   2.2277  -0.7277 (VIOLATED)
   mprj/mprj/wbsctrl_inst/wbs_dat_o_q_reg_21_/Q   1.5043   2.2273  -0.7230 (VIOLATED)
   mgmt_buffers/ANTENNA_user_to_mprj_in_gates[44]_A/DIODE   1.5000   2.2212  -0.7212 (VIOLATED)
   mgmt_buffers/user_to_mprj_in_gates[44]/A   1.5000   2.2212  -0.7212 (VIOLATED)
   mprj/mprj/FE_OFC7036_io_oeb_0/X   1.5104   2.2230       -0.7126  (VIOLATED)
   mprj/mprj/FE_OFC21184_n/X   1.5065        2.2119        -0.7054  (VIOLATED)
   mgmt_buffers/ANTENNA_user_wb_dat_gates[19]_A/DIODE   1.5000   2.1867  -0.6867 (VIOLATED)
   mgmt_buffers/user_wb_dat_gates[19]/A   1.5000   2.1867  -0.6867  (VIOLATED)
   mgmt_buffers/ANTENNA_user_to_mprj_in_gates[51]_A/DIODE   1.5000   2.1678  -0.6678 (VIOLATED)
   mgmt_buffers/user_to_mprj_in_gates[51]/A   1.5000   2.1678  -0.6678 (VIOLATED)
   mprj/mprj/FE_OFC12775_io_in_11/X   1.5065   2.1647      -0.6583  (VIOLATED)
   gpio_control_in_1[1]/_061_/A0   1.5000    2.1425        -0.6425  (VIOLATED)
   gpio_control_in_1[1]/ANTENNA__061__A0/DIODE   1.5000   2.1425  -0.6425 (VIOLATED)
   gpio_control_in_1[0]/_061_/A0   1.5000    2.1419        -0.6419  (VIOLATED)
   gpio_control_in_1[0]/ANTENNA__061__A0/DIODE   1.5000   2.1419  -0.6419 (VIOLATED)
   gpio_control_in_1[2]/_061_/A0   1.5000    2.1395        -0.6395  (VIOLATED)
   gpio_control_in_1[2]/ANTENNA__061__A0/DIODE   1.5000   2.1395  -0.6395 (VIOLATED)
   mprj/mprj/wbsctrl_inst/wbs_dat_o_q_reg_23_/Q   1.5043   2.1281  -0.6238 (VIOLATED)
   mprj/mprj/FE_OFC7035_io_oeb_0/X   1.5104   2.1282       -0.6178  (VIOLATED)
   mprj/mprj/wbsctrl_inst/wbs_dat_o_q_reg_22_/Q   1.5043   2.1208  -0.6165 (VIOLATED)
   mgmt_buffers/ANTENNA_user_wb_dat_gates[26]_A/DIODE   1.5000   2.1164  -0.6164 (VIOLATED)
   mgmt_buffers/user_wb_dat_gates[26]/A   1.5000   2.1164  -0.6164  (VIOLATED)
   mgmt_buffers/user_wb_dat_gates[29]/A   1.5000   2.1131  -0.6131  (VIOLATED)
   mgmt_buffers/ANTENNA_266/DIODE   1.5000   2.1131        -0.6131  (VIOLATED)
   mgmt_buffers/ANTENNA_user_wb_dat_gates[29]_A/DIODE   1.5000   2.1131  -0.6131 (VIOLATED)
   mgmt_buffers/ANTENNA_user_to_mprj_in_gates[53]_A/DIODE   1.5000   2.0992  -0.5992 (VIOLATED)
   mgmt_buffers/user_to_mprj_in_gates[53]/A   1.5000   2.0992  -0.5992 (VIOLATED)
   mgmt_buffers/user_wb_dat_gates[31]/A   1.5000   2.0949  -0.5949  (VIOLATED)
   mgmt_buffers/ANTENNA_user_wb_dat_gates[31]_A/DIODE   1.5000   2.0949  -0.5949 (VIOLATED)
   mprj/mprj/FE_OCPC22845_la_data_out_53/X   1.5065   2.0919  -0.5854 (VIOLATED)
   mprj/mprj/wbsctrl_inst/wbs_dat_o_q_reg_25_/Q   1.5043   2.0772  -0.5729 (VIOLATED)
   mprj/mprj/wbsctrl_inst/wbs_dat_o_q_reg_19_/Q   1.5043   2.0499  -0.5456 (VIOLATED)
   mprj/mprj/wbsctrl_inst/wbs_dat_o_q_reg_31_/Q   1.5043   2.0270  -0.5227 (VIOLATED)
   mprj/mprj/wbsctrl_inst/wbs_dat_o_q_reg_26_/Q   1.5043   2.0192  -0.5149 (VIOLATED)
   mgmt_buffers/ANTENNA_user_wb_dat_gates[30]_A/DIODE   1.5000   2.0125  -0.5125 (VIOLATED)
   mgmt_buffers/user_wb_dat_gates[30]/A   1.5000   2.0125  -0.5125  (VIOLATED)
   mgmt_buffers/ANTENNA_user_wb_dat_gates[24]_A/DIODE   1.5000   2.0078  -0.5078 (VIOLATED)
   mgmt_buffers/user_wb_dat_gates[24]/A   1.5000   2.0078  -0.5078  (VIOLATED)
   mprj/mprj/wbsctrl_inst/wbs_dat_o_q_reg_29_/Q   1.5043   2.0056  -0.5013 (VIOLATED)
   mgmt_buffers/user_wb_dat_gates[28]/A   1.5000   1.9377  -0.4377  (VIOLATED)
   mgmt_buffers/ANTENNA_user_wb_dat_gates[28]_A/DIODE   1.5000   1.9377  -0.4377 (VIOLATED)
   mprj/mprj/wbsctrl_inst/wbs_dat_o_q_reg_30_/Q   1.5043   1.9400  -0.4357 (VIOLATED)
   mgmt_buffers/ANTENNA_user_to_mprj_in_gates[57]_A/DIODE   1.5000   1.9241  -0.4241 (VIOLATED)
   mgmt_buffers/user_to_mprj_in_gates[57]/A   1.5000   1.9241  -0.4241 (VIOLATED)
   mprj/mprj/FE_OCPC5635_la_data_out_57/X   1.5065   1.9199  -0.4134 (VIOLATED)
   soc/_25762_/A3             1.5000         1.8918        -0.3918  (VIOLATED)
   soc/ANTENNA__25762__A3/DIODE   1.5000     1.8917        -0.3917  (VIOLATED)
   soc/_25763_/A3             1.5000         1.8917        -0.3917  (VIOLATED)
   soc/ANTENNA__25763__A3/DIODE   1.5000     1.8917        -0.3917  (VIOLATED)
   soc/ANTENNA__27196__B/DIODE   1.5000      1.8917        -0.3917  (VIOLATED)
   soc/_27196_/B              1.5000         1.8917        -0.3917  (VIOLATED)
   gpio_control_in_1[4]/_061_/A0   1.5000    1.8905        -0.3905  (VIOLATED)
   gpio_control_in_1[4]/ANTENNA__061__A0/DIODE   1.5000   1.8905  -0.3905 (VIOLATED)
   gpio_control_in_1[3]/_061_/A0   1.5000    1.8903        -0.3903  (VIOLATED)
   gpio_control_in_1[3]/ANTENNA__061__A0/DIODE   1.5000   1.8902  -0.3902 (VIOLATED)
   mprj/mprj/FE_OFC7035_io_oeb_0/A   1.5000   1.8888       -0.3888  (VIOLATED)
   soc/_32090_/Q              1.4980         1.8855        -0.3876  (VIOLATED)
   gpio_control_in_1[5]/_061_/A0   1.5000    1.8874        -0.3874  (VIOLATED)
   gpio_control_in_1[5]/ANTENNA__061__A0/DIODE   1.5000   1.8873  -0.3873 (VIOLATED)
   mprj/mprj/FE_OFC7033_io_oeb_0/Y   1.4978   1.8839       -0.3861  (VIOLATED)
   soc/ANTENNA__27194__D_N/DIODE   1.5000    1.8858        -0.3858  (VIOLATED)
   soc/_27193_/A              1.5000         1.8858        -0.3858  (VIOLATED)
   soc/_27194_/D_N            1.5000         1.8858        -0.3858  (VIOLATED)
   soc/ANTENNA__27193__A/DIODE   1.5000      1.8858        -0.3858  (VIOLATED)
   mprj/mprj/wbsctrl_inst/wbs_dat_o_q_reg_24_/Q   1.5043   1.8749  -0.3706 (VIOLATED)
   mprj/mprj/wbsctrl_inst/wbs_dat_o_q_reg_28_/Q   1.5043   1.8282  -0.3238 (VIOLATED)
   gpio_control_in_1a[4]/_061_/A0   1.5000   1.7381        -0.2381  (VIOLATED)
   gpio_control_in_1a[4]/ANTENNA__061__A0/DIODE   1.5000   1.7381  -0.2381 (VIOLATED)
   gpio_control_in_1a[3]/_061_/A0   1.5000   1.7360        -0.2360  (VIOLATED)
   gpio_control_in_1a[3]/ANTENNA__061__A0/DIODE   1.5000   1.7360  -0.2360 (VIOLATED)
   mprj/mprj/FE_OFC22409_io_oeb_5/A   1.5000   1.7339      -0.2339  (VIOLATED)
   gpio_control_bidir_1[0]/_061_/A0   1.5000   1.7327      -0.2327  (VIOLATED)
   gpio_control_bidir_1[0]/ANTENNA__061__A0/DIODE   1.5000   1.7327  -0.2327 (VIOLATED)
   gpio_control_bidir_1[1]/_061_/A0   1.5000   1.7311      -0.2311  (VIOLATED)
   gpio_control_bidir_1[1]/ANTENNA__061__A0/DIODE   1.5000   1.7311  -0.2311 (VIOLATED)
   mprj/mprj/FE_OFC7037_io_oeb_0/X   1.5104   1.7226       -0.2123  (VIOLATED)
   mprj/mprj/FE_OFC7036_io_oeb_0/A   1.5000   1.7122       -0.2122  (VIOLATED)
   mprj/mprj/FE_OFC464_io_oeb_0/X   1.5104   1.7122        -0.2018  (VIOLATED)
   soc/hold575/X              1.4951         1.6570        -0.1619  (VIOLATED)
   soc/ANTENNA_1861/DIODE     1.5000         1.6594        -0.1594  (VIOLATED)
   soc/ANTENNA_1858/DIODE     1.5000         1.6593        -0.1593  (VIOLATED)
   soc/ANTENNA_1857/DIODE     1.5000         1.6593        -0.1593  (VIOLATED)
   soc/ANTENNA_1856/DIODE     1.5000         1.6593        -0.1593  (VIOLATED)
   soc/ANTENNA_1859/DIODE     1.5000         1.6593        -0.1593  (VIOLATED)
   soc/ANTENNA_1860/DIODE     1.5000         1.6593        -0.1593  (VIOLATED)
   soc/ANTENNA_1855/DIODE     1.5000         1.6593        -0.1593  (VIOLATED)
   soc/ANTENNA_1854/DIODE     1.5000         1.6593        -0.1593  (VIOLATED)
   soc/ANTENNA_1845/DIODE     1.5000         1.6593        -0.1593  (VIOLATED)
   soc/ANTENNA_1843/DIODE     1.5000         1.6593        -0.1593  (VIOLATED)
   soc/ANTENNA_1841/DIODE     1.5000         1.6593        -0.1593  (VIOLATED)
   soc/ANTENNA__24854__B/DIODE   1.5000      1.6593        -0.1593  (VIOLATED)
   soc/ANTENNA_1838/DIODE     1.5000         1.6593        -0.1593  (VIOLATED)
   soc/_24854_/B              1.5000         1.6593        -0.1593  (VIOLATED)
   soc/ANTENNA_1839/DIODE     1.5000         1.6593        -0.1593  (VIOLATED)
   soc/ANTENNA_1840/DIODE     1.5000         1.6593        -0.1593  (VIOLATED)
   soc/ANTENNA_1842/DIODE     1.5000         1.6593        -0.1593  (VIOLATED)
   soc/ANTENNA_1844/DIODE     1.5000         1.6593        -0.1593  (VIOLATED)
   soc/ANTENNA_1847/DIODE     1.5000         1.6576        -0.1576  (VIOLATED)
   soc/ANTENNA_1853/DIODE     1.5000         1.6575        -0.1575  (VIOLATED)
   soc/ANTENNA_1851/DIODE     1.5000         1.6575        -0.1575  (VIOLATED)
   soc/ANTENNA_1849/DIODE     1.5000         1.6574        -0.1574  (VIOLATED)
   soc/ANTENNA_1852/DIODE     1.5000         1.6571        -0.1571  (VIOLATED)
   soc/ANTENNA_1850/DIODE     1.5000         1.6571        -0.1571  (VIOLATED)
   soc/ANTENNA_1848/DIODE     1.5000         1.6571        -0.1571  (VIOLATED)
   soc/ANTENNA_1846/DIODE     1.5000         1.6571        -0.1571  (VIOLATED)
   gpio_control_in_1a[5]/_061_/A0   1.5000   1.6220        -0.1220  (VIOLATED)
   gpio_control_in_1a[5]/ANTENNA__061__A0/DIODE   1.5000   1.6220  -0.1220 (VIOLATED)
   mprj/mprj/FE_OFC22409_io_oeb_5/X   1.5065   1.6174      -0.1110  (VIOLATED)
   gpio_control_in_2[8]/_062_/B   1.5000     1.5880        -0.0880  (VIOLATED)
   gpio_control_in_2[8]/ANTENNA__062__B/DIODE   1.5000   1.5880  -0.0880 (VIOLATED)
   mprj/mprj/FE_PDC199_io_out_27/X   1.5065   1.5860       -0.0796  (VIOLATED)
   gpio_control_in_2[4]/_061_/A0   1.5000    1.5750        -0.0750  (VIOLATED)
   gpio_control_in_2[4]/ANTENNA__061__A0/DIODE   1.5000   1.5750  -0.0750 (VIOLATED)
   mprj/mprj/FE_OFC7408_io_oeb_14/A   1.5000   1.5747      -0.0747  (VIOLATED)
   gpio_control_in_2[5]/_061_/A0   1.5000    1.5746        -0.0746  (VIOLATED)
   gpio_control_in_2[5]/ANTENNA__061__A0/DIODE   1.5000   1.5745  -0.0745 (VIOLATED)
   mprj/mprj/FE_OFC7407_io_oeb_14/X   1.5065   1.5745      -0.0681  (VIOLATED)
   soc/ANTENNA_855/DIODE      1.5000         1.5230        -0.0230  (VIOLATED)
   soc/ANTENNA_856/DIODE      1.5000         1.5230        -0.0230  (VIOLATED)
   soc/ANTENNA_857/DIODE      1.5000         1.5230        -0.0230  (VIOLATED)
   soc/ANTENNA_858/DIODE      1.5000         1.5230        -0.0230  (VIOLATED)
   soc/ANTENNA_859/DIODE      1.5000         1.5230        -0.0230  (VIOLATED)
   soc/ANTENNA_860/DIODE      1.5000         1.5230        -0.0230  (VIOLATED)
   soc/ANTENNA__17304__B1/DIODE   1.5000     1.5230        -0.0230  (VIOLATED)
   soc/_17304_/B1             1.5000         1.5230        -0.0230  (VIOLATED)
   soc/core.RAM128/Do0MUX.M[0].MUX[7]/X   1.5064   1.5230  -0.0166  (VIOLATED)


1
