****************************************
Report : constraint
	-all_violators
	-path slack_only
Design : caravel
Version: T-2022.03-SP3
Date   : Mon Oct 24 11:01:25 2022
****************************************


   max_delay/setup ('io_clock' group)

   Endpoint                                                  Slack
   -----------------------------------------------------------------
   mprj_io[27]                                             -5.6114  (VIOLATED)
   mprj_io[34]                                             -5.6002  (VIOLATED)
   mprj_io[20]                                             -5.2815  (VIOLATED)
   mprj_io[28]                                             -5.2454  (VIOLATED)
   mprj_io[30]                                             -5.1786  (VIOLATED)
   mprj_io[21]                                             -5.1623  (VIOLATED)
   mprj_io[35]                                             -5.0638  (VIOLATED)
   mprj_io[18]                                             -5.0531  (VIOLATED)
   mprj_io[26]                                             -5.0311  (VIOLATED)
   mprj_io[33]                                             -5.0307  (VIOLATED)
   mprj_io[14]                                             -5.0304  (VIOLATED)
   mprj_io[32]                                             -5.0075  (VIOLATED)
   mprj_io[23]                                             -4.9969  (VIOLATED)
   mprj_io[29]                                             -4.9962  (VIOLATED)
   mprj_io[22]                                             -4.9717  (VIOLATED)
   mprj_io[19]                                             -4.9241  (VIOLATED)
   mprj_io[37]                                             -4.9066  (VIOLATED)
   mprj_io[36]                                             -4.8557  (VIOLATED)
   mprj_io[31]                                             -4.8464  (VIOLATED)


   min_delay/hold ('clk' group)

   Endpoint                                                  Slack
   -----------------------------------------------------------------
   soc/_30644_/D                                           -0.0937  (VIOLATED)
   soc/_30602_/D                                           -0.0424  (VIOLATED)
   soc/_30640_/D                                           -0.0271  (VIOLATED)
   soc/_30604_/D                                           -0.0204  (VIOLATED)






   max_capacitance

                             Required        Actual
   Pin                      Capacitance    Capacitance       Slack
   -----------------------------------------------------------------
   mprj/mprj/FE_OFC1440_wbs_dat_o_3/X   0.1300   0.5037    -0.3737  (VIOLATED)
   mprj/mprj/FE_OFC1438_wbs_dat_o_5/X   0.1300   0.4978    -0.3678  (VIOLATED)
   mprj/mprj/FE_OFC1442_wbs_dat_o_1/X   0.1300   0.4902    -0.3602  (VIOLATED)
   mprj/mprj/FE_OFC1441_wbs_dat_o_2/X   0.1300   0.4621    -0.3321  (VIOLATED)
   mprj/mprj/FE_OFC1439_wbs_dat_o_4/X   0.1300   0.4442    -0.3142  (VIOLATED)
   mprj/mprj/FE_OFC1443_wbs_dat_o_0/X   0.3159   0.4768    -0.1609  (VIOLATED)
   mprj/mprj/wbsctrl_inst/wbs_dat_o_q_reg_7_/Q   0.3223   0.4811  -0.1588 (VIOLATED)
   mprj/mprj/wbsctrl_inst/wbs_dat_o_q_reg_8_/Q   0.3223   0.4768  -0.1545 (VIOLATED)
   mprj/mprj/wbsctrl_inst/wbs_ack_o_q_reg/Q   0.3223   0.4731  -0.1508 (VIOLATED)
   mprj/mprj/wbsctrl_inst/wbs_dat_o_q_reg_9_/Q   0.3223   0.4539  -0.1316 (VIOLATED)
   mprj/mprj/wbsctrl_inst/wbs_dat_o_q_reg_13_/Q   0.3223   0.4535  -0.1312 (VIOLATED)
   mprj/mprj/wbsctrl_inst/wbs_dat_o_q_reg_6_/Q   0.3223   0.4525  -0.1302 (VIOLATED)
   mprj/mprj/wbsctrl_inst/wbs_dat_o_q_reg_16_/Q   0.3223   0.4491  -0.1268 (VIOLATED)
   mprj/mprj/wbsctrl_inst/wbs_dat_o_q_reg_12_/Q   0.3223   0.4422  -0.1200 (VIOLATED)
   mprj/mprj/wbsctrl_inst/wbs_dat_o_q_reg_17_/Q   0.3223   0.4409  -0.1186 (VIOLATED)
   mprj/mprj/wbsctrl_inst/wbs_dat_o_q_reg_15_/Q   0.3223   0.4409  -0.1186 (VIOLATED)
   mprj/mprj/wbsctrl_inst/wbs_dat_o_q_reg_11_/Q   0.3223   0.4309  -0.1087 (VIOLATED)
   mprj/mprj/wbsctrl_inst/wbs_dat_o_q_reg_18_/Q   0.3223   0.4229  -0.1006 (VIOLATED)
   mprj/mprj/wbsctrl_inst/wbs_dat_o_q_reg_10_/Q   0.3223   0.4157  -0.0934 (VIOLATED)
   mprj/mprj/wbsctrl_inst/wbs_dat_o_q_reg_14_/Q   0.3223   0.4095  -0.0872 (VIOLATED)
   mprj/mprj/wbsctrl_inst/wbs_dat_o_q_reg_20_/Q   0.3223   0.4000  -0.0777 (VIOLATED)
   mprj/mprj/wbsctrl_inst/wbs_dat_o_q_reg_27_/Q   0.3223   0.3956  -0.0733 (VIOLATED)
   mprj/mprj/FE_OFC7036_io_oeb_0/X   0.3159   0.3760       -0.0601  (VIOLATED)
   mprj/mprj/wbsctrl_inst/wbs_dat_o_q_reg_21_/Q   0.3223   0.3779  -0.0556 (VIOLATED)
   mprj/mprj/wbsctrl_inst/wbs_dat_o_q_reg_22_/Q   0.3223   0.3667  -0.0444 (VIOLATED)
   mprj/mprj/wbsctrl_inst/wbs_dat_o_q_reg_31_/Q   0.3223   0.3664  -0.0441 (VIOLATED)
   mprj/mprj/wbsctrl_inst/wbs_dat_o_q_reg_23_/Q   0.3223   0.3659  -0.0436 (VIOLATED)
   mprj/mprj/wbsctrl_inst/wbs_dat_o_q_reg_29_/Q   0.3223   0.3638  -0.0415 (VIOLATED)
   mprj/mprj/FE_OFC20909_la_data_out_48/X   0.1300   0.1705  -0.0405 (VIOLATED)
   mprj/mprj/FE_OFC12775_io_in_11/X   0.1300   0.1665      -0.0365  (VIOLATED)
   soc/_32090_/Q              0.1621         0.1979        -0.0359  (VIOLATED)
   mprj/mprj/FE_OFC20833_la_data_out_45/X   0.1300   0.1657  -0.0357 (VIOLATED)
   mprj/mprj/wbsctrl_inst/wbs_dat_o_q_reg_25_/Q   0.3223   0.3560  -0.0338 (VIOLATED)
   mprj/mprj/FE_OFC21184_n/X   0.1300        0.1606        -0.0306  (VIOLATED)
   mprj/mprj/FE_OFC20869_la_data_out_42/X   0.1300   0.1588  -0.0287 (VIOLATED)
   mprj/mprj/wbsctrl_inst/wbs_dat_o_q_reg_26_/Q   0.3223   0.3509  -0.0286 (VIOLATED)
   mprj/mprj/FE_OCPC22845_la_data_out_53/X   0.1300   0.1523  -0.0223 (VIOLATED)
   mprj/mprj/wbsctrl_inst/wbs_dat_o_q_reg_30_/Q   0.3223   0.3432  -0.0209 (VIOLATED)
   mprj/mprj/wbsctrl_inst/wbs_dat_o_q_reg_19_/Q   0.3223   0.3424  -0.0201 (VIOLATED)
   soc/hold575/X              0.1547         0.1667        -0.0120  (VIOLATED)
   mprj/mprj/FE_OFC7035_io_oeb_0/X   0.3159   0.3257       -0.0098  (VIOLATED)
   mprj/mprj/wbsctrl_inst/wbs_dat_o_q_reg_24_/Q   0.3223   0.3255  -0.0032 (VIOLATED)
   soc/core.RAM128/Do0MUX.M[0].MUX[7]/X   0.1611   0.1630  -0.0019  (VIOLATED)


   max_transition

                             Required        Actual
   Pin                      Transition     Transition        Slack
   -----------------------------------------------------------------
   mgmt_buffers/ANTENNA_104/DIODE   1.5000   5.7810        -4.2810  (VIOLATED)
   mgmt_buffers/ANTENNA_105/DIODE   1.5000   5.7810        -4.2810  (VIOLATED)
   mgmt_buffers/ANTENNA_106/DIODE   1.5000   5.7810        -4.2810  (VIOLATED)
   mgmt_buffers/ANTENNA_107/DIODE   1.5000   5.7810        -4.2810  (VIOLATED)
   mgmt_buffers/ANTENNA_108/DIODE   1.5000   5.7810        -4.2810  (VIOLATED)
   mgmt_buffers/ANTENNA_109/DIODE   1.5000   5.7810        -4.2810  (VIOLATED)
   mgmt_buffers/ANTENNA_110/DIODE   1.5000   5.7810        -4.2810  (VIOLATED)
   mgmt_buffers/ANTENNA_111/DIODE   1.5000   5.7810        -4.2810  (VIOLATED)
   mgmt_buffers/ANTENNA_112/DIODE   1.5000   5.7810        -4.2810  (VIOLATED)
   mgmt_buffers/ANTENNA_113/DIODE   1.5000   5.7810        -4.2810  (VIOLATED)
   mgmt_buffers/ANTENNA_114/DIODE   1.5000   5.7810        -4.2810  (VIOLATED)
   mgmt_buffers/ANTENNA_115/DIODE   1.5000   5.7810        -4.2810  (VIOLATED)
   mgmt_buffers/ANTENNA_116/DIODE   1.5000   5.7810        -4.2810  (VIOLATED)
   mgmt_buffers/ANTENNA_117/DIODE   1.5000   5.7810        -4.2810  (VIOLATED)
   mgmt_buffers/ANTENNA_118/DIODE   1.5000   5.7810        -4.2810  (VIOLATED)
   mgmt_buffers/ANTENNA_119/DIODE   1.5000   5.7810        -4.2810  (VIOLATED)
   mgmt_buffers/ANTENNA_120/DIODE   1.5000   5.7810        -4.2810  (VIOLATED)
   mgmt_buffers/ANTENNA_121/DIODE   1.5000   5.7810        -4.2810  (VIOLATED)
   mgmt_buffers/ANTENNA_user_wb_dat_gates[3]_A/DIODE   1.5000   5.7810  -4.2810 (VIOLATED)
   mgmt_buffers/user_wb_dat_gates[3]/A   1.5000   5.7810   -4.2810  (VIOLATED)
   mprj/mprj/FE_OFC1440_wbs_dat_o_3/X   1.5065   5.7810    -4.2746  (VIOLATED)
   mgmt_buffers/ANTENNA_122/DIODE   1.5000   5.7132        -4.2132  (VIOLATED)
   mgmt_buffers/ANTENNA_123/DIODE   1.5000   5.7132        -4.2132  (VIOLATED)
   mgmt_buffers/ANTENNA_user_wb_dat_gates[5]_A/DIODE   1.5000   5.7132  -4.2132 (VIOLATED)
   mgmt_buffers/user_wb_dat_gates[5]/A   1.5000   5.7132   -4.2132  (VIOLATED)
   mprj/mprj/FE_OFC1438_wbs_dat_o_5/X   1.5065   5.7132    -4.2067  (VIOLATED)
   mgmt_buffers/ANTENNA_68/DIODE   1.5000    5.6267        -4.1267  (VIOLATED)
   mgmt_buffers/ANTENNA_69/DIODE   1.5000    5.6267        -4.1267  (VIOLATED)
   mgmt_buffers/ANTENNA_70/DIODE   1.5000    5.6267        -4.1267  (VIOLATED)
   mgmt_buffers/ANTENNA_71/DIODE   1.5000    5.6267        -4.1267  (VIOLATED)
   mgmt_buffers/ANTENNA_72/DIODE   1.5000    5.6267        -4.1267  (VIOLATED)
   mgmt_buffers/ANTENNA_73/DIODE   1.5000    5.6267        -4.1267  (VIOLATED)
   mgmt_buffers/ANTENNA_74/DIODE   1.5000    5.6267        -4.1267  (VIOLATED)
   mgmt_buffers/ANTENNA_75/DIODE   1.5000    5.6267        -4.1267  (VIOLATED)
   mgmt_buffers/ANTENNA_76/DIODE   1.5000    5.6267        -4.1267  (VIOLATED)
   mgmt_buffers/ANTENNA_77/DIODE   1.5000    5.6267        -4.1267  (VIOLATED)
   mgmt_buffers/ANTENNA_78/DIODE   1.5000    5.6267        -4.1267  (VIOLATED)
   mgmt_buffers/ANTENNA_79/DIODE   1.5000    5.6267        -4.1267  (VIOLATED)
   mgmt_buffers/ANTENNA_80/DIODE   1.5000    5.6267        -4.1267  (VIOLATED)
   mgmt_buffers/ANTENNA_81/DIODE   1.5000    5.6267        -4.1267  (VIOLATED)
   mgmt_buffers/ANTENNA_82/DIODE   1.5000    5.6267        -4.1267  (VIOLATED)
   mgmt_buffers/ANTENNA_83/DIODE   1.5000    5.6267        -4.1267  (VIOLATED)
   mgmt_buffers/ANTENNA_84/DIODE   1.5000    5.6267        -4.1267  (VIOLATED)
   mgmt_buffers/ANTENNA_85/DIODE   1.5000    5.6267        -4.1267  (VIOLATED)
   mgmt_buffers/ANTENNA_86/DIODE   1.5000    5.6267        -4.1267  (VIOLATED)
   mgmt_buffers/ANTENNA_87/DIODE   1.5000    5.6267        -4.1267  (VIOLATED)
   mgmt_buffers/ANTENNA_88/DIODE   1.5000    5.6267        -4.1267  (VIOLATED)
   mgmt_buffers/ANTENNA_89/DIODE   1.5000    5.6267        -4.1267  (VIOLATED)
   mgmt_buffers/ANTENNA_user_wb_dat_gates[1]_A/DIODE   1.5000   5.6267  -4.1267 (VIOLATED)
   mgmt_buffers/user_wb_dat_gates[1]/A   1.5000   5.6267   -4.1267  (VIOLATED)
   mprj/mprj/FE_OFC1442_wbs_dat_o_1/X   1.5065   5.6267    -4.1203  (VIOLATED)
   mgmt_buffers/ANTENNA_user_wb_dat_gates[2]_A/DIODE   1.5000   5.3050  -3.8050 (VIOLATED)
   mgmt_buffers/user_wb_dat_gates[2]/A   1.5000   5.3050   -3.8050  (VIOLATED)
   mprj/mprj/FE_OFC1441_wbs_dat_o_2/X   1.5065   5.3050    -3.7985  (VIOLATED)
   mgmt_buffers/ANTENNA_user_wb_dat_gates[4]_A/DIODE   1.5000   5.0996  -3.5996 (VIOLATED)
   mgmt_buffers/user_wb_dat_gates[4]/A   1.5000   5.0996   -3.5996  (VIOLATED)
   mprj/mprj/FE_OFC1439_wbs_dat_o_4/X   1.5065   5.0996    -3.5931  (VIOLATED)
   padframe/mgmt_vssd_lvclamp_pad/VSSD_PAD   1.0000   2.0000  -1.0000 (VIOLATED)
   padframe/user1_vssd_lvclamp_pad/VSSD_PAD   1.0000   2.0000  -1.0000 (VIOLATED)
   padframe/user2_vssd_lvclamp_pad/VSSD_PAD   1.0000   2.0000  -1.0000 (VIOLATED)
   mgmt_buffers/ANTENNA_26/DIODE   1.5000    2.2680        -0.7680  (VIOLATED)
   mgmt_buffers/ANTENNA_27/DIODE   1.5000    2.2680        -0.7680  (VIOLATED)
   mgmt_buffers/ANTENNA_28/DIODE   1.5000    2.2680        -0.7680  (VIOLATED)
   mgmt_buffers/ANTENNA_29/DIODE   1.5000    2.2680        -0.7680  (VIOLATED)
   mgmt_buffers/ANTENNA_30/DIODE   1.5000    2.2680        -0.7680  (VIOLATED)
   mgmt_buffers/ANTENNA_31/DIODE   1.5000    2.2680        -0.7680  (VIOLATED)
   mgmt_buffers/ANTENNA_32/DIODE   1.5000    2.2680        -0.7680  (VIOLATED)
   mgmt_buffers/ANTENNA_33/DIODE   1.5000    2.2680        -0.7680  (VIOLATED)
   mgmt_buffers/ANTENNA_34/DIODE   1.5000    2.2680        -0.7680  (VIOLATED)
   mgmt_buffers/ANTENNA_35/DIODE   1.5000    2.2680        -0.7680  (VIOLATED)
   mgmt_buffers/ANTENNA_36/DIODE   1.5000    2.2680        -0.7680  (VIOLATED)
   mgmt_buffers/ANTENNA_37/DIODE   1.5000    2.2680        -0.7680  (VIOLATED)
   mgmt_buffers/ANTENNA_38/DIODE   1.5000    2.2680        -0.7680  (VIOLATED)
   mgmt_buffers/ANTENNA_39/DIODE   1.5000    2.2680        -0.7680  (VIOLATED)
   mgmt_buffers/ANTENNA_40/DIODE   1.5000    2.2680        -0.7680  (VIOLATED)
   mgmt_buffers/ANTENNA_41/DIODE   1.5000    2.2680        -0.7680  (VIOLATED)
   mgmt_buffers/ANTENNA_42/DIODE   1.5000    2.2680        -0.7680  (VIOLATED)
   mgmt_buffers/ANTENNA_43/DIODE   1.5000    2.2680        -0.7680  (VIOLATED)
   mgmt_buffers/ANTENNA_44/DIODE   1.5000    2.2680        -0.7680  (VIOLATED)
   mgmt_buffers/ANTENNA_45/DIODE   1.5000    2.2680        -0.7680  (VIOLATED)
   mgmt_buffers/ANTENNA_46/DIODE   1.5000    2.2680        -0.7680  (VIOLATED)
   mgmt_buffers/ANTENNA_47/DIODE   1.5000    2.2680        -0.7680  (VIOLATED)
   mgmt_buffers/ANTENNA_user_wb_dat_gates[0]_A/DIODE   1.5000   2.2680  -0.7680 (VIOLATED)
   mgmt_buffers/user_wb_dat_gates[0]/A   1.5000   2.2680   -0.7680  (VIOLATED)
   mprj/mprj/FE_OFC1443_wbs_dat_o_0/X   1.5104   2.2680    -0.7576  (VIOLATED)
   mgmt_buffers/ANTENNA_user_wb_dat_gates[7]_A/DIODE   1.5000   2.2370  -0.7370 (VIOLATED)
   mgmt_buffers/user_wb_dat_gates[7]/A   1.5000   2.2370   -0.7370  (VIOLATED)
   mprj/mprj/wbsctrl_inst/wbs_dat_o_q_reg_7_/Q   1.5043   2.2370  -0.7327 (VIOLATED)
   mgmt_buffers/ANTENNA_user_wb_dat_gates[8]_A/DIODE   1.5000   2.2180  -0.7180 (VIOLATED)
   mgmt_buffers/user_wb_dat_gates[8]/A   1.5000   2.2180   -0.7180  (VIOLATED)
   mprj/mprj/wbsctrl_inst/wbs_dat_o_q_reg_8_/Q   1.5043   2.2180  -0.7137 (VIOLATED)
   mgmt_buffers/ANTENNA_4/DIODE   1.5000     2.2009        -0.7009  (VIOLATED)
   mgmt_buffers/ANTENNA_5/DIODE   1.5000     2.2009        -0.7009  (VIOLATED)
   mgmt_buffers/ANTENNA_6/DIODE   1.5000     2.2009        -0.7009  (VIOLATED)
   mgmt_buffers/ANTENNA_7/DIODE   1.5000     2.2009        -0.7009  (VIOLATED)
   mgmt_buffers/ANTENNA_8/DIODE   1.5000     2.2009        -0.7009  (VIOLATED)
   mgmt_buffers/ANTENNA_9/DIODE   1.5000     2.2009        -0.7009  (VIOLATED)
   mgmt_buffers/ANTENNA_10/DIODE   1.5000    2.2009        -0.7009  (VIOLATED)
   mgmt_buffers/ANTENNA_11/DIODE   1.5000    2.2009        -0.7009  (VIOLATED)
   mgmt_buffers/ANTENNA_12/DIODE   1.5000    2.2009        -0.7009  (VIOLATED)
   mgmt_buffers/ANTENNA_13/DIODE   1.5000    2.2009        -0.7009  (VIOLATED)
   mgmt_buffers/ANTENNA_14/DIODE   1.5000    2.2009        -0.7009  (VIOLATED)
   mgmt_buffers/ANTENNA_15/DIODE   1.5000    2.2009        -0.7009  (VIOLATED)
   mgmt_buffers/ANTENNA_16/DIODE   1.5000    2.2009        -0.7009  (VIOLATED)
   mgmt_buffers/ANTENNA_17/DIODE   1.5000    2.2009        -0.7009  (VIOLATED)
   mgmt_buffers/ANTENNA_18/DIODE   1.5000    2.2009        -0.7009  (VIOLATED)
   mgmt_buffers/ANTENNA_19/DIODE   1.5000    2.2009        -0.7009  (VIOLATED)
   mgmt_buffers/ANTENNA_20/DIODE   1.5000    2.2009        -0.7009  (VIOLATED)
   mgmt_buffers/ANTENNA_21/DIODE   1.5000    2.2009        -0.7009  (VIOLATED)
   mgmt_buffers/ANTENNA_22/DIODE   1.5000    2.2009        -0.7009  (VIOLATED)
   mgmt_buffers/ANTENNA_23/DIODE   1.5000    2.2009        -0.7009  (VIOLATED)
   mgmt_buffers/ANTENNA_24/DIODE   1.5000    2.2009        -0.7009  (VIOLATED)
   mgmt_buffers/ANTENNA_25/DIODE   1.5000    2.2009        -0.7009  (VIOLATED)
   mgmt_buffers/ANTENNA_user_wb_ack_gate_A/DIODE   1.5000   2.2009  -0.7009 (VIOLATED)
   mgmt_buffers/user_wb_ack_gate/A   1.5000   2.2009       -0.7009  (VIOLATED)
   mprj/mprj/wbsctrl_inst/wbs_ack_o_q_reg/Q   1.5043   2.2009  -0.6966 (VIOLATED)
   mgmt_buffers/ANTENNA_user_wb_dat_gates[9]_A/DIODE   1.5000   2.1111  -0.6111 (VIOLATED)
   mgmt_buffers/user_wb_dat_gates[9]/A   1.5000   2.1111   -0.6111  (VIOLATED)
   mgmt_buffers/ANTENNA_56/DIODE   1.5000    2.1094        -0.6094  (VIOLATED)
   mgmt_buffers/ANTENNA_57/DIODE   1.5000    2.1094        -0.6094  (VIOLATED)
   mgmt_buffers/ANTENNA_58/DIODE   1.5000    2.1094        -0.6094  (VIOLATED)
   mgmt_buffers/ANTENNA_59/DIODE   1.5000    2.1094        -0.6094  (VIOLATED)
   mgmt_buffers/ANTENNA_60/DIODE   1.5000    2.1094        -0.6094  (VIOLATED)
   mgmt_buffers/ANTENNA_61/DIODE   1.5000    2.1094        -0.6094  (VIOLATED)
   mgmt_buffers/ANTENNA_62/DIODE   1.5000    2.1094        -0.6094  (VIOLATED)
   mgmt_buffers/ANTENNA_63/DIODE   1.5000    2.1094        -0.6094  (VIOLATED)
   mgmt_buffers/ANTENNA_user_wb_dat_gates[13]_A/DIODE   1.5000   2.1094  -0.6094 (VIOLATED)
   mgmt_buffers/user_wb_dat_gates[13]/A   1.5000   2.1094  -0.6094  (VIOLATED)
   mprj/mprj/wbsctrl_inst/wbs_dat_o_q_reg_9_/Q   1.5043   2.1111  -0.6068 (VIOLATED)
   mgmt_buffers/ANTENNA_user_wb_dat_gates[6]_A/DIODE   1.5000   2.1054  -0.6054 (VIOLATED)
   mgmt_buffers/user_wb_dat_gates[6]/A   1.5000   2.1054   -0.6054  (VIOLATED)
   mprj/mprj/wbsctrl_inst/wbs_dat_o_q_reg_13_/Q   1.5043   2.1094  -0.6050 (VIOLATED)
   mprj/mprj/wbsctrl_inst/wbs_dat_o_q_reg_6_/Q   1.5043   2.1054  -0.6011 (VIOLATED)
   mgmt_buffers/ANTENNA_user_wb_dat_gates[16]_A/DIODE   1.5000   2.0889  -0.5889 (VIOLATED)
   mgmt_buffers/user_wb_dat_gates[16]/A   1.5000   2.0889  -0.5889  (VIOLATED)
   mprj/mprj/wbsctrl_inst/wbs_dat_o_q_reg_16_/Q   1.5043   2.0889  -0.5846 (VIOLATED)
   mgmt_buffers/ANTENNA_48/DIODE   1.5000    2.0572        -0.5572  (VIOLATED)
   mgmt_buffers/ANTENNA_49/DIODE   1.5000    2.0572        -0.5572  (VIOLATED)
   mgmt_buffers/ANTENNA_50/DIODE   1.5000    2.0572        -0.5572  (VIOLATED)
   mgmt_buffers/ANTENNA_51/DIODE   1.5000    2.0572        -0.5572  (VIOLATED)
   mgmt_buffers/ANTENNA_52/DIODE   1.5000    2.0572        -0.5572  (VIOLATED)
   mgmt_buffers/ANTENNA_53/DIODE   1.5000    2.0572        -0.5572  (VIOLATED)
   mgmt_buffers/ANTENNA_54/DIODE   1.5000    2.0572        -0.5572  (VIOLATED)
   mgmt_buffers/ANTENNA_55/DIODE   1.5000    2.0572        -0.5572  (VIOLATED)
   mgmt_buffers/ANTENNA_user_wb_dat_gates[12]_A/DIODE   1.5000   2.0572  -0.5572 (VIOLATED)
   mgmt_buffers/user_wb_dat_gates[12]/A   1.5000   2.0572  -0.5572  (VIOLATED)
   mprj/mprj/wbsctrl_inst/wbs_dat_o_q_reg_12_/Q   1.5043   2.0572  -0.5529 (VIOLATED)
   mgmt_buffers/ANTENNA_user_wb_dat_gates[17]_A/DIODE   1.5000   2.0511  -0.5511 (VIOLATED)
   mgmt_buffers/user_wb_dat_gates[17]/A   1.5000   2.0511  -0.5511  (VIOLATED)
   mgmt_buffers/ANTENNA_user_wb_dat_gates[15]_A/DIODE   1.5000   2.0510  -0.5510 (VIOLATED)
   mgmt_buffers/user_wb_dat_gates[15]/A   1.5000   2.0510  -0.5510  (VIOLATED)
   mprj/mprj/wbsctrl_inst/wbs_dat_o_q_reg_17_/Q   1.5043   2.0511  -0.5467 (VIOLATED)
   mprj/mprj/wbsctrl_inst/wbs_dat_o_q_reg_15_/Q   1.5043   2.0510  -0.5467 (VIOLATED)
   mgmt_buffers/ANTENNA_user_wb_dat_gates[11]_A/DIODE   1.5000   2.0056  -0.5056 (VIOLATED)
   mgmt_buffers/user_wb_dat_gates[11]/A   1.5000   2.0056  -0.5056  (VIOLATED)
   mprj/mprj/wbsctrl_inst/wbs_dat_o_q_reg_11_/Q   1.5043   2.0056  -0.5013 (VIOLATED)
   padframe/mgmt_vccd_lvclamp_pad/VCCD_PAD   1.5000   2.0000  -0.5000 (VIOLATED)
   padframe/mgmt_vdda_hvclamp_pad/VDDA_PAD   1.5000   2.0000  -0.5000 (VIOLATED)
   padframe/mgmt_vssa_hvclamp_pad/VSSA_PAD   1.5000   2.0000  -0.5000 (VIOLATED)
   padframe/user1_vccd_lvclamp_pad/VCCD_PAD   1.5000   2.0000  -0.5000 (VIOLATED)
   padframe/user1_vdda_hvclamp_pad[0]/VDDA_PAD   1.5000   2.0000  -0.5000 (VIOLATED)
   padframe/user1_vdda_hvclamp_pad[1]/VDDA_PAD   1.5000   2.0000  -0.5000 (VIOLATED)
   padframe/user1_vssa_hvclamp_pad[0]/VSSA_PAD   1.5000   2.0000  -0.5000 (VIOLATED)
   padframe/user1_vssa_hvclamp_pad[1]/VSSA_PAD   1.5000   2.0000  -0.5000 (VIOLATED)
   padframe/user2_vccd_lvclamp_pad/VCCD_PAD   1.5000   2.0000  -0.5000 (VIOLATED)
   padframe/user2_vdda_hvclamp_pad/VDDA_PAD   1.5000   2.0000  -0.5000 (VIOLATED)
   padframe/user2_vssa_hvclamp_pad/VSSA_PAD   1.5000   2.0000  -0.5000 (VIOLATED)
   mgmt_buffers/ANTENNA_user_wb_dat_gates[18]_A/DIODE   1.5000   1.9684  -0.4684 (VIOLATED)
   mgmt_buffers/user_wb_dat_gates[18]/A   1.5000   1.9684  -0.4684  (VIOLATED)
   mprj/mprj/wbsctrl_inst/wbs_dat_o_q_reg_18_/Q   1.5043   1.9684  -0.4641 (VIOLATED)
   mgmt_buffers/ANTENNA_user_to_mprj_in_gates[48]_A/DIODE   1.5000   1.9615  -0.4615 (VIOLATED)
   mgmt_buffers/user_to_mprj_in_gates[48]/A   1.5000   1.9615  -0.4615 (VIOLATED)
   mprj/mprj/FE_OFC20909_la_data_out_48/X   1.5065   1.9615  -0.4551 (VIOLATED)
   mgmt_buffers/ANTENNA_user_wb_dat_gates[10]_A/DIODE   1.5000   1.9350  -0.4350 (VIOLATED)
   mgmt_buffers/user_wb_dat_gates[10]/A   1.5000   1.9350  -0.4350  (VIOLATED)
   mprj/mprj/wbsctrl_inst/wbs_dat_o_q_reg_10_/Q   1.5043   1.9350  -0.4307 (VIOLATED)
   mgmt_buffers/ANTENNA_user_to_mprj_in_gates[51]_A/DIODE   1.5000   1.9160  -0.4160 (VIOLATED)
   mgmt_buffers/user_to_mprj_in_gates[51]/A   1.5000   1.9160  -0.4160 (VIOLATED)
   mgmt_buffers/ANTENNA_user_to_mprj_in_gates[45]_A/DIODE   1.5000   1.9116  -0.4116 (VIOLATED)
   mgmt_buffers/user_to_mprj_in_gates[45]/A   1.5000   1.9116  -0.4116 (VIOLATED)
   mprj/mprj/FE_OFC12775_io_in_11/X   1.5065   1.9160      -0.4095  (VIOLATED)
   mgmt_buffers/ANTENNA_64/DIODE   1.5000    1.9062        -0.4062  (VIOLATED)
   mgmt_buffers/ANTENNA_65/DIODE   1.5000    1.9062        -0.4062  (VIOLATED)
   mgmt_buffers/ANTENNA_66/DIODE   1.5000    1.9062        -0.4062  (VIOLATED)
   mgmt_buffers/ANTENNA_67/DIODE   1.5000    1.9062        -0.4062  (VIOLATED)
   mgmt_buffers/ANTENNA_user_wb_dat_gates[14]_A/DIODE   1.5000   1.9062  -0.4062 (VIOLATED)
   mgmt_buffers/user_wb_dat_gates[14]/A   1.5000   1.9062  -0.4062  (VIOLATED)
   mprj/mprj/FE_OFC20833_la_data_out_45/X   1.5061   1.9116  -0.4055 (VIOLATED)
   mprj/mprj/wbsctrl_inst/wbs_dat_o_q_reg_14_/Q   1.5043   1.9062  -0.4019 (VIOLATED)
   soc/_25762_/A3             1.5000         1.8918        -0.3918  (VIOLATED)
   soc/ANTENNA__25762__A3/DIODE   1.5000     1.8917        -0.3917  (VIOLATED)
   soc/_25763_/A3             1.5000         1.8917        -0.3917  (VIOLATED)
   soc/ANTENNA__25763__A3/DIODE   1.5000     1.8917        -0.3917  (VIOLATED)
   soc/ANTENNA__27196__B/DIODE   1.5000      1.8917        -0.3917  (VIOLATED)
   soc/_27196_/B              1.5000         1.8917        -0.3917  (VIOLATED)
   soc/_32090_/Q              1.4980         1.8855        -0.3876  (VIOLATED)
   soc/ANTENNA__27194__D_N/DIODE   1.5000    1.8858        -0.3858  (VIOLATED)
   soc/_27193_/A              1.5000         1.8858        -0.3858  (VIOLATED)
   soc/_27194_/D_N            1.5000         1.8858        -0.3858  (VIOLATED)
   soc/ANTENNA__27193__A/DIODE   1.5000      1.8858        -0.3858  (VIOLATED)
   mgmt_buffers/ANTENNA_90/DIODE   1.5000    1.8622        -0.3622  (VIOLATED)
   mgmt_buffers/ANTENNA_91/DIODE   1.5000    1.8622        -0.3622  (VIOLATED)
   mgmt_buffers/ANTENNA_user_wb_dat_gates[20]_A/DIODE   1.5000   1.8622  -0.3622 (VIOLATED)
   mgmt_buffers/user_wb_dat_gates[20]/A   1.5000   1.8622  -0.3622  (VIOLATED)
   mprj/mprj/wbsctrl_inst/wbs_dat_o_q_reg_20_/Q   1.5043   1.8622  -0.3578 (VIOLATED)
   mgmt_buffers/ANTENNA_user_to_mprj_in_gates[44]_A/DIODE   1.5000   1.8501  -0.3501 (VIOLATED)
   mgmt_buffers/user_to_mprj_in_gates[44]/A   1.5000   1.8501  -0.3501 (VIOLATED)
   mprj/mprj/FE_OFC21184_n/X   1.5065        1.8501        -0.3436  (VIOLATED)
   mgmt_buffers/ANTENNA_92/DIODE   1.5000    1.8414        -0.3414  (VIOLATED)
   mgmt_buffers/ANTENNA_93/DIODE   1.5000    1.8414        -0.3414  (VIOLATED)
   mgmt_buffers/ANTENNA_94/DIODE   1.5000    1.8414        -0.3414  (VIOLATED)
   mgmt_buffers/ANTENNA_95/DIODE   1.5000    1.8414        -0.3414  (VIOLATED)
   mgmt_buffers/ANTENNA_96/DIODE   1.5000    1.8414        -0.3414  (VIOLATED)
   mgmt_buffers/ANTENNA_97/DIODE   1.5000    1.8414        -0.3414  (VIOLATED)
   mgmt_buffers/ANTENNA_98/DIODE   1.5000    1.8414        -0.3414  (VIOLATED)
   mgmt_buffers/ANTENNA_99/DIODE   1.5000    1.8414        -0.3414  (VIOLATED)
   mgmt_buffers/ANTENNA_100/DIODE   1.5000   1.8414        -0.3414  (VIOLATED)
   mgmt_buffers/ANTENNA_101/DIODE   1.5000   1.8414        -0.3414  (VIOLATED)
   mgmt_buffers/ANTENNA_102/DIODE   1.5000   1.8414        -0.3414  (VIOLATED)
   mgmt_buffers/ANTENNA_103/DIODE   1.5000   1.8414        -0.3414  (VIOLATED)
   mgmt_buffers/ANTENNA_user_wb_dat_gates[27]_A/DIODE   1.5000   1.8414  -0.3414 (VIOLATED)
   mgmt_buffers/user_wb_dat_gates[27]/A   1.5000   1.8414  -0.3414  (VIOLATED)
   mprj/mprj/wbsctrl_inst/wbs_dat_o_q_reg_27_/Q   1.5043   1.8414  -0.3371 (VIOLATED)
   mgmt_buffers/ANTENNA_user_to_mprj_in_gates[42]_A/DIODE   1.5000   1.8284  -0.3284 (VIOLATED)
   mgmt_buffers/user_to_mprj_in_gates[42]/A   1.5000   1.8284  -0.3284 (VIOLATED)
   mprj/mprj/FE_OFC20869_la_data_out_42/X   1.5065   1.8284  -0.3220 (VIOLATED)
   gpio_control_in_1a[0]/ANTENNA__061__A0/DIODE   1.5000   1.7853  -0.2853 (VIOLATED)
   gpio_control_in_1a[0]/_061_/A0   1.5000   1.7853        -0.2853  (VIOLATED)
   gpio_control_in_1a[1]/ANTENNA__061__A0/DIODE   1.5000   1.7853  -0.2853 (VIOLATED)
   gpio_control_in_1a[1]/_061_/A0   1.5000   1.7853        -0.2853  (VIOLATED)
   gpio_control_in_1a[2]/ANTENNA__061__A0/DIODE   1.5000   1.7853  -0.2853 (VIOLATED)
   gpio_control_in_1a[2]/_061_/A0   1.5000   1.7853        -0.2853  (VIOLATED)
   mprj/mprj/FE_OFC7037_io_oeb_0/A   1.5000   1.7853       -0.2853  (VIOLATED)
   mprj/mprj/FE_OFC7036_io_oeb_0/X   1.5104   1.7853       -0.2749  (VIOLATED)
   mgmt_buffers/ANTENNA_user_wb_dat_gates[21]_A/DIODE   1.5000   1.7595  -0.2595 (VIOLATED)
   mgmt_buffers/user_wb_dat_gates[21]/A   1.5000   1.7595  -0.2595  (VIOLATED)
   mprj/mprj/wbsctrl_inst/wbs_dat_o_q_reg_21_/Q   1.5043   1.7595  -0.2552 (VIOLATED)
   mgmt_buffers/ANTENNA_user_to_mprj_in_gates[53]_A/DIODE   1.5000   1.7532  -0.2532 (VIOLATED)
   mgmt_buffers/user_to_mprj_in_gates[53]/A   1.5000   1.7532  -0.2532 (VIOLATED)
   mprj/mprj/FE_OCPC22845_la_data_out_53/X   1.5065   1.7532  -0.2468 (VIOLATED)
   mgmt_buffers/ANTENNA_user_wb_dat_gates[22]_A/DIODE   1.5000   1.7077  -0.2077 (VIOLATED)
   mgmt_buffers/user_wb_dat_gates[22]/A   1.5000   1.7077  -0.2077  (VIOLATED)
   mgmt_buffers/ANTENNA_user_wb_dat_gates[31]_A/DIODE   1.5000   1.7060  -0.2060 (VIOLATED)
   mgmt_buffers/user_wb_dat_gates[31]/A   1.5000   1.7060  -0.2060  (VIOLATED)
   mgmt_buffers/ANTENNA_user_wb_dat_gates[23]_A/DIODE   1.5000   1.7037  -0.2037 (VIOLATED)
   mgmt_buffers/user_wb_dat_gates[23]/A   1.5000   1.7037  -0.2037  (VIOLATED)
   mprj/mprj/wbsctrl_inst/wbs_dat_o_q_reg_22_/Q   1.5043   1.7077  -0.2034 (VIOLATED)
   mprj/mprj/wbsctrl_inst/wbs_dat_o_q_reg_31_/Q   1.5043   1.7060  -0.2017 (VIOLATED)
   mprj/mprj/wbsctrl_inst/wbs_dat_o_q_reg_23_/Q   1.5043   1.7037  -0.1994 (VIOLATED)
   mgmt_buffers/ANTENNA_266/DIODE   1.5000   1.6946        -0.1946  (VIOLATED)
   mgmt_buffers/ANTENNA_user_wb_dat_gates[29]_A/DIODE   1.5000   1.6946  -0.1946 (VIOLATED)
   mgmt_buffers/user_wb_dat_gates[29]/A   1.5000   1.6946  -0.1946  (VIOLATED)
   mprj/mprj/wbsctrl_inst/wbs_dat_o_q_reg_29_/Q   1.5043   1.6946  -0.1903 (VIOLATED)
   soc/hold575/X              1.4951         1.6570        -0.1619  (VIOLATED)
   soc/ANTENNA_1861/DIODE     1.5000         1.6594        -0.1594  (VIOLATED)
   soc/ANTENNA_1858/DIODE     1.5000         1.6593        -0.1593  (VIOLATED)
   soc/ANTENNA_1857/DIODE     1.5000         1.6593        -0.1593  (VIOLATED)
   soc/ANTENNA_1856/DIODE     1.5000         1.6593        -0.1593  (VIOLATED)
   soc/ANTENNA_1859/DIODE     1.5000         1.6593        -0.1593  (VIOLATED)
   soc/ANTENNA_1860/DIODE     1.5000         1.6593        -0.1593  (VIOLATED)
   soc/ANTENNA_1855/DIODE     1.5000         1.6593        -0.1593  (VIOLATED)
   soc/ANTENNA_1854/DIODE     1.5000         1.6593        -0.1593  (VIOLATED)
   soc/ANTENNA_1845/DIODE     1.5000         1.6593        -0.1593  (VIOLATED)
   soc/ANTENNA_1843/DIODE     1.5000         1.6593        -0.1593  (VIOLATED)
   soc/ANTENNA_1841/DIODE     1.5000         1.6593        -0.1593  (VIOLATED)
   soc/ANTENNA__24854__B/DIODE   1.5000      1.6593        -0.1593  (VIOLATED)
   soc/ANTENNA_1838/DIODE     1.5000         1.6593        -0.1593  (VIOLATED)
   soc/_24854_/B              1.5000         1.6593        -0.1593  (VIOLATED)
   soc/ANTENNA_1839/DIODE     1.5000         1.6593        -0.1593  (VIOLATED)
   soc/ANTENNA_1840/DIODE     1.5000         1.6593        -0.1593  (VIOLATED)
   soc/ANTENNA_1842/DIODE     1.5000         1.6593        -0.1593  (VIOLATED)
   soc/ANTENNA_1844/DIODE     1.5000         1.6593        -0.1593  (VIOLATED)
   mgmt_buffers/ANTENNA_user_wb_dat_gates[25]_A/DIODE   1.5000   1.6582  -0.1582 (VIOLATED)
   mgmt_buffers/user_wb_dat_gates[25]/A   1.5000   1.6582  -0.1582  (VIOLATED)
   soc/ANTENNA_1847/DIODE     1.5000         1.6576        -0.1576  (VIOLATED)
   soc/ANTENNA_1853/DIODE     1.5000         1.6575        -0.1575  (VIOLATED)
   soc/ANTENNA_1851/DIODE     1.5000         1.6575        -0.1575  (VIOLATED)
   soc/ANTENNA_1849/DIODE     1.5000         1.6574        -0.1574  (VIOLATED)
   soc/ANTENNA_1852/DIODE     1.5000         1.6571        -0.1571  (VIOLATED)
   soc/ANTENNA_1850/DIODE     1.5000         1.6571        -0.1571  (VIOLATED)
   soc/ANTENNA_1848/DIODE     1.5000         1.6571        -0.1571  (VIOLATED)
   soc/ANTENNA_1846/DIODE     1.5000         1.6571        -0.1571  (VIOLATED)
   mprj/mprj/wbsctrl_inst/wbs_dat_o_q_reg_25_/Q   1.5043   1.6582  -0.1539 (VIOLATED)
   mgmt_buffers/ANTENNA_user_wb_dat_gates[26]_A/DIODE   1.5000   1.6344  -0.1344 (VIOLATED)
   mgmt_buffers/user_wb_dat_gates[26]/A   1.5000   1.6344  -0.1344  (VIOLATED)
   mprj/mprj/wbsctrl_inst/wbs_dat_o_q_reg_26_/Q   1.5043   1.6344  -0.1301 (VIOLATED)
   mgmt_buffers/ANTENNA_user_wb_dat_gates[30]_A/DIODE   1.5000   1.5988  -0.0988 (VIOLATED)
   mgmt_buffers/user_wb_dat_gates[30]/A   1.5000   1.5988  -0.0988  (VIOLATED)
   mgmt_buffers/ANTENNA_user_wb_dat_gates[19]_A/DIODE   1.5000   1.5949  -0.0949 (VIOLATED)
   mgmt_buffers/user_wb_dat_gates[19]/A   1.5000   1.5949  -0.0949  (VIOLATED)
   mprj/mprj/wbsctrl_inst/wbs_dat_o_q_reg_30_/Q   1.5043   1.5988  -0.0945 (VIOLATED)
   mprj/mprj/wbsctrl_inst/wbs_dat_o_q_reg_19_/Q   1.5043   1.5949  -0.0906 (VIOLATED)
   gpio_control_in_1[0]/ANTENNA__061__A0/DIODE   1.5000   1.5456  -0.0456 (VIOLATED)
   gpio_control_in_1[0]/_061_/A0   1.5000    1.5456        -0.0456  (VIOLATED)
   gpio_control_in_1[1]/ANTENNA__061__A0/DIODE   1.5000   1.5456  -0.0456 (VIOLATED)
   gpio_control_in_1[1]/_061_/A0   1.5000    1.5456        -0.0456  (VIOLATED)
   gpio_control_in_1[2]/ANTENNA__061__A0/DIODE   1.5000   1.5456  -0.0456 (VIOLATED)
   gpio_control_in_1[2]/_061_/A0   1.5000    1.5456        -0.0456  (VIOLATED)
   mprj/mprj/FE_OFC7035_io_oeb_0/X   1.5104   1.5456       -0.0352  (VIOLATED)
   soc/ANTENNA_855/DIODE      1.5000         1.5230        -0.0230  (VIOLATED)
   soc/ANTENNA_856/DIODE      1.5000         1.5230        -0.0230  (VIOLATED)
   soc/ANTENNA_857/DIODE      1.5000         1.5230        -0.0230  (VIOLATED)
   soc/ANTENNA_858/DIODE      1.5000         1.5230        -0.0230  (VIOLATED)
   soc/ANTENNA_859/DIODE      1.5000         1.5230        -0.0230  (VIOLATED)
   soc/ANTENNA_860/DIODE      1.5000         1.5230        -0.0230  (VIOLATED)
   soc/ANTENNA__17304__B1/DIODE   1.5000     1.5230        -0.0230  (VIOLATED)
   soc/_17304_/B1             1.5000         1.5230        -0.0230  (VIOLATED)
   mgmt_buffers/ANTENNA_user_wb_dat_gates[24]_A/DIODE   1.5000   1.5167  -0.0167 (VIOLATED)
   mgmt_buffers/user_wb_dat_gates[24]/A   1.5000   1.5167  -0.0167  (VIOLATED)
   soc/core.RAM128/Do0MUX.M[0].MUX[7]/X   1.5064   1.5230  -0.0166  (VIOLATED)
   mprj/mprj/wbsctrl_inst/wbs_dat_o_q_reg_24_/Q   1.5043   1.5167  -0.0124 (VIOLATED)


1
