****************************************
Report : global_timing
	-format { narrow }
	-separate_all_groups
Design : caravel
Version: T-2022.03-SP3
Date   : Fri Oct 21 14:56:46 2022
****************************************

Setup violations for paths in **async_default**
---------------------------------------------------------
         Total  reg->reg   in->reg  reg->out   in->out
---------------------------------------------------------
WNS    -0.5158   -0.5158    0.0000    0.0000    0.0000
TNS    -1.0317   -1.0317    0.0000    0.0000    0.0000
NUM          2         2         0         0         0
---------------------------------------------------------


Hold violations for paths in clock
---------------------------------------------------------
         Total  reg->reg   in->reg  reg->out   in->out
---------------------------------------------------------
WNS    -0.0746   -0.0746    0.0000    0.0000    0.0000
TNS   -14.1802  -14.1802    0.0000    0.0000    0.0000
NUM        256       256         0         0         0
---------------------------------------------------------

1
